Archive member included to satisfy reference by file (symbol)

/home/augoodma/Desktop/test/lib_projd.a(alarm.o)
                              obj/Debug/main.o (alarm_send)
/home/augoodma/Desktop/test/lib_projd.a(config.o)
                              obj/Debug/main.o (config)
/home/augoodma/Desktop/test/lib_projd.a(delay.o)
                              obj/Debug/main.o (delay_set)
/home/augoodma/Desktop/test/lib_projd.a(Dhcp.o)
                              obj/Debug/main.o (dhcp_getLocalIp)
/home/augoodma/Desktop/test/lib_projd.a(eeprom.o)
                              /home/augoodma/Desktop/test/lib_projd.a(config.o) (eeprom_writebuf)
/home/augoodma/Desktop/test/lib_projd.a(led.o)
                              obj/Debug/main.o (led_init)
/home/augoodma/Desktop/test/lib_projd.a(log.o)
                              obj/Debug/main.o (log_init)
/home/augoodma/Desktop/test/lib_projd.a(ntp.o)
                              obj/Debug/main.o (ntp_sync_network_time)
/home/augoodma/Desktop/test/lib_projd.a(rtc.o)
                              obj/Debug/main.o (rtc_init)
/home/augoodma/Desktop/test/lib_projd.a(signature.o)
                              obj/Debug/main.o (signature_set)
/home/augoodma/Desktop/test/lib_projd.a(socket.o)
                              /home/augoodma/Desktop/test/lib_projd.a(alarm.o) (udpsocket_open_multicast)
/home/augoodma/Desktop/test/lib_projd.a(spi.o)
                              obj/Debug/main.o (spi_init)
/home/augoodma/Desktop/test/lib_projd.a(str.o)
                              /home/augoodma/Desktop/test/lib_projd.a(Dhcp.o) (mem_cpy)
/home/augoodma/Desktop/test/lib_projd.a(temp.o)
                              obj/Debug/main.o (temp_init)
/home/augoodma/Desktop/test/lib_projd.a(tempfsm.o)
                              obj/Debug/main.o (tempfsm_init)
/home/augoodma/Desktop/test/lib_projd.a(timer1.o)
                              /home/augoodma/Desktop/test/lib_projd.a(rtc.o) (timer1_init)
/home/augoodma/Desktop/test/lib_projd.a(uart.o)
                              obj/Debug/main.o (uart_init)
/home/augoodma/Desktop/test/lib_projd.a(util.o)
                              /home/augoodma/Desktop/test/lib_projd.a(signature.o) (str_cmp)
/home/augoodma/Desktop/test/lib_projd.a(vpd.o)
                              obj/Debug/main.o (vpd)
/home/augoodma/Desktop/test/lib_projd.a(w5x00.o)
                              obj/Debug/main.o (W5x_config)
/home/augoodma/Desktop/test/lib_projd.a(wdt.o)
                              obj/Debug/main.o (wdt_init)
/home/augoodma/Desktop/test/lib_projd.a(serial.o)
                              /home/augoodma/Desktop/test/lib_projd.a(uart.o) (serial_init)
/usr/lib/gcc/avr/5.4.0/avr5/libgcc.a(_mulsi3.o)
                              /home/augoodma/Desktop/test/lib_projd.a(rtc.o) (__mulsi3)
/usr/lib/gcc/avr/5.4.0/avr5/libgcc.a(_udivmodhi4.o)
                              /home/augoodma/Desktop/test/lib_projd.a(rtc.o) (__udivmodhi4)
/usr/lib/gcc/avr/5.4.0/avr5/libgcc.a(_divmodhi4.o)
                              /home/augoodma/Desktop/test/lib_projd.a(log.o) (__divmodhi4)
/usr/lib/gcc/avr/5.4.0/avr5/libgcc.a(_udivmodsi4.o)
                              /home/augoodma/Desktop/test/lib_projd.a(Dhcp.o) (__udivmodsi4)
/usr/lib/gcc/avr/5.4.0/avr5/libgcc.a(_divmodsi4.o)
                              /home/augoodma/Desktop/test/lib_projd.a(socket.o) (__divmodsi4)
/usr/lib/gcc/avr/5.4.0/avr5/libgcc.a(_negsi2.o)
                              /usr/lib/gcc/avr/5.4.0/avr5/libgcc.a(_divmodsi4.o) (__negsi2)
/usr/lib/gcc/avr/5.4.0/avr5/libgcc.a(_exit.o)
                              /usr/lib/gcc/avr/5.4.0/../../../avr/lib/avr5/crtatmega328p.o (exit)
/usr/lib/gcc/avr/5.4.0/avr5/libgcc.a(_tablejump2.o)
                              obj/Debug/main.o (__tablejump2__)
/usr/lib/gcc/avr/5.4.0/avr5/libgcc.a(_copy_data.o)
                              obj/Debug/main.o (__do_copy_data)
/usr/lib/gcc/avr/5.4.0/avr5/libgcc.a(_clear_bss.o)
                              obj/Debug/main.o (__do_clear_bss)
/usr/lib/gcc/avr/5.4.0/avr5/libgcc.a(_bswapsi2.o)
                              /home/augoodma/Desktop/test/lib_projd.a(Dhcp.o) (__bswapsi2)
/usr/lib/gcc/avr/5.4.0/avr5/libgcc.a(_umulhisi3.o)
                              /home/augoodma/Desktop/test/lib_projd.a(rtc.o) (__umulhisi3)
/usr/lib/gcc/avr/5.4.0/avr5/libgcc.a(_muluhisi3.o)
                              /home/augoodma/Desktop/test/lib_projd.a(rtc.o) (__muluhisi3)

Allocating common symbols
Common symbol       size              file

rxbuf               0x40              /home/augoodma/Desktop/test/lib_projd.a(serial.o)
write_busy          0x1               /home/augoodma/Desktop/test/lib_projd.a(eeprom.o)
vpd                 0x37              /home/augoodma/Desktop/test/lib_projd.a(vpd.o)
writeaddr           0x2               /home/augoodma/Desktop/test/lib_projd.a(eeprom.o)
rtc_base            0x4               /home/augoodma/Desktop/test/lib_projd.a(rtc.o)
[...]
Memory Configuration

Name             Origin             Length             Attributes
text             0x0000000000000000 0x0000000000020000 xr
data             0x0000000000800060 0x000000000000ffa0 rw !x
eeprom           0x0000000000810000 0x0000000000010000 rw !x
fuse             0x0000000000820000 0x0000000000000003 rw !x
lock             0x0000000000830000 0x0000000000000400 rw !x
signature        0x0000000000840000 0x0000000000000400 rw !x
user_signatures  0x0000000000850000 0x0000000000000400 rw !x
*default*        0x0000000000000000 0xffffffffffffffff

Linker script and memory map

Address of section .data set to 0x800100
LOAD /usr/lib/gcc/avr/5.4.0/../../../avr/lib/avr5/crtatmega328p.o
LOAD obj/Debug/main.o
LOAD /home/augoodma/Desktop/test/lib_projd.a
LOAD /home/augoodma/Desktop/test/lib_projd.a
LOAD /usr/lib/gcc/avr/5.4.0/avr5/libgcc.a
LOAD /usr/lib/gcc/avr/5.4.0/../../../avr/lib/avr5/libm.a
START GROUP
LOAD /usr/lib/gcc/avr/5.4.0/avr5/libgcc.a
LOAD /usr/lib/gcc/avr/5.4.0/../../../avr/lib/avr5/libm.a
LOAD /usr/lib/gcc/avr/5.4.0/../../../avr/lib/avr5/libc.a
LOAD /usr/lib/gcc/avr/5.4.0/../../../avr/lib/avr5/libatmega328p.a
END GROUP
                0x0000000000020000                __TEXT_REGION_LENGTH__ = DEFINED (__TEXT_REGION_LENGTH__)?__TEXT_REGION_LENGTH__:0x20000
                0x000000000000ffa0                __DATA_REGION_LENGTH__ = DEFINED (__DATA_REGION_LENGTH__)?__DATA_REGION_LENGTH__:0xffa0
                0x0000000000010000                __EEPROM_REGION_LENGTH__ = DEFINED (__EEPROM_REGION_LENGTH__)?__EEPROM_REGION_LENGTH__:0x10000
                [0x0000000000000003]                __FUSE_REGION_LENGTH__ = DEFINED (__FUSE_REGION_LENGTH__)?__FUSE_REGION_LENGTH__:0x400
                0x0000000000000400                __LOCK_REGION_LENGTH__ = DEFINED (__LOCK_REGION_LENGTH__)?__LOCK_REGION_LENGTH__:0x400
                0x0000000000000400                __SIGNATURE_REGION_LENGTH__ = DEFINED (__SIGNATURE_REGION_LENGTH__)?__SIGNATURE_REGION_LENGTH__:0x400
                0x0000000000000400                __USER_SIGNATURE_REGION_LENGTH__ = DEFINED (__USER_SIGNATURE_REGION_LENGTH__)?__USER_SIGNATURE_REGION_LENGTH__:0x400

.hash
 *(.hash)

.dynsym
 *(.dynsym)

.dynstr
 *(.dynstr)

.gnu.version
 *(.gnu.version)

.gnu.version_d
 *(.gnu.version_d)

.gnu.version_r
 *(.gnu.version_r)

.rel.init
 *(.rel.init)

.rela.init
 *(.rela.init)

.rel.text
 *(.rel.text)
 *(.rel.text.*)
 *(.rel.gnu.linkonce.t*)

.rela.text
 *(.rela.text)
 *(.rela.text.*)
 *(.rela.gnu.linkonce.t*)

.rel.fini
 *(.rel.fini)

.rela.fini
 *(.rela.fini)

.rel.rodata
 *(.rel.rodata)
 *(.rel.rodata.*)
 *(.rel.gnu.linkonce.r*)

.rela.rodata
 *(.rela.rodata)
 *(.rela.rodata.*)
 *(.rela.gnu.linkonce.r*)

.rel.data
 *(.rel.data)
 *(.rel.data.*)
 *(.rel.gnu.linkonce.d*)

.rela.data
 *(.rela.data)
 *(.rela.data.*)
 *(.rela.gnu.linkonce.d*)

.rel.ctors
 *(.rel.ctors)

.rela.ctors
 *(.rela.ctors)

.rel.dtors
 *(.rel.dtors)

.rela.dtors
 *(.rela.dtors)

.rel.got
 *(.rel.got)

.rela.got
 *(.rela.got)

.rel.bss
 *(.rel.bss)

.rela.bss
 *(.rela.bss)

.rel.plt
 *(.rel.plt)

.rela.plt
 *(.rela.plt)

.text           0x0000000000000000     0x501e
 *(.vectors)
 .vectors       0x0000000000000000       0x68 /usr/lib/gcc/avr/5.4.0/../../../avr/lib/avr5/crtatmega328p.o
                0x0000000000000000                __vectors
                0x0000000000000000                __vector_default
 *(.vectors)
 *(.progmem.gcc*)
 .progmem.gcc_sw_table
                0x0000000000000068        0xe obj/Debug/main.o
 .progmem.gcc_sw_table
                0x0000000000000076       0x12 /home/augoodma/Desktop/test/lib_projd.a(tempfsm.o)
                0x0000000000000088                . = ALIGN (0x2)
                0x0000000000000088                __trampolines_start = .
 *(.trampolines)
 .trampolines   0x0000000000000088        0x0 linker stubs
 *(.trampolines*)
                0x0000000000000088                __trampolines_end = .
 *libprintf_flt.a:*(.progmem.data)
 *libc.a:*(.progmem.data)
 *(.progmem*)
                0x0000000000000088                . = ALIGN (0x2)
 *(.jumptables)
 *(.jumptables*)
 *(.lowtext)
 *(.lowtext*)
                0x0000000000000088                __ctors_start = .
 *(.ctors)
                0x0000000000000088                __ctors_end = .
                0x0000000000000088                __dtors_start = .
 *(.dtors)
                0x0000000000000088                __dtors_end = .
 SORT(*)(.ctors)
 SORT(*)(.dtors)
 *(.init0)
 .init0         0x0000000000000088        0x0 /usr/lib/gcc/avr/5.4.0/../../../avr/lib/avr5/crtatmega328p.o
                0x0000000000000088                __init
 *(.init0)
 *(.init1)
 *(.init1)
 *(.init2)
 .init2         0x0000000000000088        0xc /usr/lib/gcc/avr/5.4.0/../../../avr/lib/avr5/crtatmega328p.o
 *(.init2)
 *(.init3)
 *(.init3)
 *(.init4)
 .init4         0x0000000000000094       0x16 /usr/lib/gcc/avr/5.4.0/avr5/libgcc.a(_copy_data.o)
                0x0000000000000094                __do_copy_data
 .init4         0x00000000000000aa       0x10 /usr/lib/gcc/avr/5.4.0/avr5/libgcc.a(_clear_bss.o)
                0x00000000000000aa                __do_clear_bss
 *(.init4)
 *(.init5)
 *(.init5)
 *(.init6)
 *(.init6)
 *(.init7)
 *(.init7)
 *(.init8)
 *(.init8)
 *(.init9)
 .init9         0x00000000000000ba        0x8 /usr/lib/gcc/avr/5.4.0/../../../avr/lib/avr5/crtatmega328p.o
 *(.init9)
 *(.text)
 .text          0x00000000000000c2        0x4 /usr/lib/gcc/avr/5.4.0/../../../avr/lib/avr5/crtatmega328p.o
                0x00000000000000c2                __vector_1
                0x00000000000000c2                __vector_24
                0x00000000000000c2                __vector_12
                0x00000000000000c2                __bad_interrupt
                0x00000000000000c2                __vector_3
                0x00000000000000c2                __vector_23
                0x00000000000000c2                __vector_25
                0x00000000000000c2                __vector_13
                0x00000000000000c2                __vector_17
                0x00000000000000c2                __vector_7
                0x00000000000000c2                __vector_5
                0x00000000000000c2                __vector_4
                0x00000000000000c2                __vector_9
                0x00000000000000c2                __vector_2
                0x00000000000000c2                __vector_21
                0x00000000000000c2                __vector_15
                0x00000000000000c2                __vector_8
                0x00000000000000c2                __vector_10
                0x00000000000000c2                __vector_16
                0x00000000000000c2                __vector_20
 .text          0x00000000000000c6      0x9f4 obj/Debug/main.o
                0x00000000000000c6                main
 .text          0x0000000000000aba      0x18c /home/augoodma/Desktop/test/lib_projd.a(alarm.o)
                0x0000000000000aba                alarm_init
                0x0000000000000abc                alarm_send
 .text          0x0000000000000c46       0xf0 /home/augoodma/Desktop/test/lib_projd.a(config.o)
                0x0000000000000c46                config_set_modified
                0x0000000000000c4e                config_is_data_valid
                0x0000000000000c8e                config_write_defaults
                0x0000000000000ca8                config_init
                0x0000000000000cde                config_update
                0x0000000000000d0e                config_update_noisr
 .text          0x0000000000000d36      0x19e /home/augoodma/Desktop/test/lib_projd.a(delay.o)
                0x0000000000000d36                __vector_14
                0x0000000000000dd8                delay_init
                0x0000000000000dfc                delay_get
                0x0000000000000e1c                delay_isdone
                0x0000000000000e4e                delay_set
                0x0000000000000ea2                millis
 .text          0x0000000000000ed4      0xbfc /home/augoodma/Desktop/test/lib_projd.a(Dhcp.o)
                0x0000000000000ed4                dhcp_getLocalIp
                0x0000000000000eda                dhcp_getSubnetMask
                0x0000000000000ee0                dhcp_getGatewayIp
                0x0000000000000ee6                dhcp_getDhcpServerIp
                0x0000000000000eec                dhcp_getDnsServerIp
                0x0000000000000ef2                _ZN9DhcpClass16reset_DHCP_leaseEv
                0x0000000000000efe                _ZN9DhcpClass12presend_DHCPEv
                0x0000000000000f00                _ZN9DhcpClass17parseDHCPResponseEmRm
                0x0000000000001336                _ZN9DhcpClass10getLocalIpEv
                0x000000000000133a                _ZN9DhcpClass13getSubnetMaskEv
                0x000000000000133e                _ZN9DhcpClass12getGatewayIpEv
                0x0000000000001342                _ZN9DhcpClass15getDhcpServerIpEv
                0x0000000000001346                _ZN9DhcpClass14getDnsServerIpEv
                0x000000000000134a                _ZN9DhcpClass9printByteEPch
                0x0000000000001374                _ZN9DhcpClass17send_DHCP_MESSAGEEhj
                0x00000000000015f0                _ZN9DhcpClass18request_DHCP_leaseEv
                0x00000000000018ec                _ZN9DhcpClass13beginWithDHCPEPhmm
                0x000000000000196a                dhcp_start
                0x000000000000198e                _ZN9DhcpClass10checkLeaseEv
                0x0000000000001ac8                dhcp_checkLease
 .text          0x0000000000001ad0      0x12c /home/augoodma/Desktop/test/lib_projd.a(eeprom.o)
                0x0000000000001ad0                eeprom_startwrite
                0x0000000000001ad6                __vector_22
                0x0000000000001b62                eeprom_writebuf
                0x0000000000001b9c                eeprom_writebuf_noisr
                0x0000000000001bca                eeprom_readbuf
                0x0000000000001bf4                eeprom_isbusy
 .text          0x0000000000001bfc       0xfc /home/augoodma/Desktop/test/lib_projd.a(led.o)
                0x0000000000001bfc                led_init
                0x0000000000001c0e                led_on
                0x0000000000001c12                led_off
                0x0000000000001c16                led_set_blink
                0x0000000000001c3a                led_update
                0x0000000000001cee                led_is_on
 .text          0x0000000000001cf8      0x43c /home/augoodma/Desktop/test/lib_projd.a(log.o)
                0x0000000000001cf8                log_is_data_valid
                0x0000000000001d44                log_init
                0x0000000000001ece                log_update
                0x0000000000001f3a                log_update_noisr
                0x0000000000001f9e                log_add_record
                0x0000000000002040                log_clear
                0x000000000000207a                log_get_num_entries
                0x00000000000020ac                log_get_record
 .text          0x0000000000002134      0x1be /home/augoodma/Desktop/test/lib_projd.a(ntp.o)
                0x0000000000002134                ntp_sync_network_time
 .text          0x00000000000022f2      0x5d8 /home/augoodma/Desktop/test/lib_projd.a(rtc.o)
                0x00000000000022f2                rtc_init
                0x00000000000022f6                rtc_get_date
                0x00000000000022fa                rtc_set_date
                0x000000000000230e                is_leapyear
                0x0000000000002342                rtc_set_by_datestr
                0x000000000000260c                get_month
                0x000000000000269c                rtc_num2datestr
                0x00000000000028a2                rtc_get_date_string
 .text          0x00000000000028ca       0xea /home/augoodma/Desktop/test/lib_projd.a(signature.o)
                0x00000000000028ca                signature_set
                0x0000000000002992                check_for_test_start
 .text          0x00000000000029b4      0xb78 /home/augoodma/Desktop/test/lib_projd.a(socket.o)
                0x00000000000029b4                udpsocket_open_multicast
                0x0000000000002a3a                udpsocket_is_open
                0x0000000000002a4a                socket_is_active
                0x0000000000002a66                socket_is_listening
                0x0000000000002a76                socket_is_established
                0x0000000000002a86                socket_is_closed
                0x0000000000002a94                udpsocket_is_closed
                0x0000000000002a98                socket_close
                0x0000000000002afe                udpsocket_open
                0x0000000000002b06                socket_open
                0x0000000000002b0e                udpsocket_close
                0x0000000000002b12                socket_listen
                0x0000000000002b30                socket_connect
                0x0000000000002b98                socket_disconnect
                0x0000000000002b9e                socket_send
                0x0000000000002c2a                socket_recv
                0x0000000000002c9e                socket_recv_available
                0x0000000000002ca2                udpsocket_recv_available
                0x0000000000002ca6                socket_peek
                0x0000000000002cb6                udpsocket_sendto
                0x0000000000002d5a                udpsocket_recv_data
                0x0000000000002d9c                udpsocket_recvfrom
                0x0000000000002eee                socket_igmpsend
                0x0000000000002f4c                udpsocket_add_to_datagram
                0x0000000000002f92                socket_writestr
                0x0000000000002fb2                socket_writechar
                0x0000000000002fd4                socket_writequotedstring
                0x0000000000002ffa                socket_writedate
                0x0000000000003014                socket_writehex8
                0x0000000000003050                socket_write_macaddress
                0x00000000000030a2                socket_writehex16
                0x00000000000030bc                socket_writedec32
                0x00000000000031e2                udpsocket_start_datagram
                0x000000000000322c                udpsocket_send_datagram
                0x0000000000003268                socket_received_line
                0x00000000000032c4                socket_is_blank_line
                0x0000000000003308                socket_recv_compare
                0x00000000000033b4                socket_flush_line
                0x0000000000003446                socket_recv_int
 .text          0x000000000000352c       0x5c /home/augoodma/Desktop/test/lib_projd.a(spi.o)
                0x000000000000352c                spi_init
                0x0000000000003550                spi_is_locked
                0x0000000000003556                spi_begin_transfer
                0x0000000000003572                spi_transfer
                0x0000000000003580                spi_end_transfer
 .text          0x0000000000003588      0x144 /home/augoodma/Desktop/test/lib_projd.a(str.o)
                0x0000000000003588                mem_cpy
                0x00000000000035a0                mem_set
                0x00000000000035b4                mem_cmp
                0x00000000000035e2                str_cpy
                0x00000000000035f6                str_len
                0x0000000000003608                str_writeudec16
 .text          0x00000000000036cc       0x6e /home/augoodma/Desktop/test/lib_projd.a(temp.o)
                0x00000000000036cc                temp_init
                0x00000000000036da                temp_is_data_ready
                0x00000000000036f0                temp_start
                0x00000000000036fc                temp_get
 .text          0x000000000000373a      0x170 /home/augoodma/Desktop/test/lib_projd.a(tempfsm.o)
                0x000000000000373a                tempfsm_init
                0x000000000000373c                tempfsm_update
                0x00000000000038a0                tempfsm_reset
 .text          0x00000000000038aa       0x9a /home/augoodma/Desktop/test/lib_projd.a(timer1.o)
                0x00000000000038aa                __vector_11
                0x00000000000038f4                timer1_init
                0x0000000000003914                timer1_get
                0x000000000000392c                timer1_clear
 .text          0x0000000000003944      0x23c /home/augoodma/Desktop/test/lib_projd.a(uart.o)
                0x0000000000003944                uart_init
                0x000000000000394c                uart_writechar
                0x0000000000003950                uart_writestr
                0x0000000000003968                uart_writehex8
                0x000000000000399a                uart_writehex16
                0x00000000000039ac                uart_writedec32
                0x0000000000003ad4                uart_is_connected
                0x0000000000003ad8                uart_is_packet_available
                0x0000000000003adc                uart_readpacket
                0x0000000000003b3c                uart_writeip
 .text          0x0000000000003b80      0x214 /home/augoodma/Desktop/test/lib_projd.a(util.o)
                0x0000000000003b80                str_cmp
                0x0000000000003bb6                update_checksum
                0x0000000000003bde                random_seed
                0x0000000000003c14                random
                0x0000000000003d16                strtoi
 .text          0x0000000000003d94       0xc6 /home/augoodma/Desktop/test/lib_projd.a(vpd.o)
                0x0000000000003d94                vpd_is_data_valid
                0x0000000000003dd4                vpd_write_defaults
                0x0000000000003e28                vpd_init
 .text          0x0000000000003e5a      0xbfe /home/augoodma/Desktop/test/lib_projd.a(w5x00.o)
                0x0000000000003e5a                W5x_writebuf
                0x0000000000003f60                W5x_write
                0x0000000000003f82                W5x_config
                0x000000000000411e                W5x_readbuf
                0x0000000000004228                W5x_read
                0x000000000000424a                W5x_readSn
                0x000000000000425a                W5x_writeSn
                0x0000000000004270                W5x_readbufSn
                0x0000000000004286                W5x_writebufSn
                0x000000000000429c                W5x_read_data
                0x0000000000004322                W5x_writeMR
                0x000000000000432c                W5x_readMR
                0x0000000000004334                isW5100
                0x00000000000043aa                isW5500
                0x0000000000004420                W5x_init
                0x000000000000442e                W5x_writebufGAR
                0x000000000000443c                W5x_readbufGAR
                0x000000000000444a                W5x_writebufSUBR
                0x0000000000004458                W5x_readbufSUBR
                0x0000000000004466                W5x_writebufSHAR
                0x0000000000004474                W5x_readbufSHAR
                0x0000000000004482                W5x_writebufSIPR
                0x0000000000004490                W5x_readbufSIPR
                0x000000000000449e                W5x_writeIR
                0x00000000000044a8                W5x_readIR
                0x00000000000044b0                W5x_writeRTR
                0x00000000000044ca                W5x_readRTR
                0x00000000000044f4                W5x_writebufUIPR
                0x0000000000004502                W5x_readbufUIPR
                0x0000000000004510                W5x_writeUPORT
                0x000000000000452a                W5x_readUPORT
                0x0000000000004554                W5x_writeSnMR
                0x000000000000455e                W5x_readSnMR
                0x0000000000004566                W5x_writeSnCR
                0x0000000000004570                W5x_readSnCR
                0x0000000000004578                W5x_execCmdSn
                0x000000000000458e                W5x_writeSnIR
                0x0000000000004598                W5x_readSnIR
                0x00000000000045a0                W5x_writeSnSR
                0x00000000000045aa                W5x_readSnSR
                0x00000000000045b2                W5x_writeSnPORT
                0x00000000000045d4                W5x_readSnPORT
                0x0000000000004604                W5x_writeSnDHAR
                0x0000000000004612                W5x_readSnDHAR
                0x0000000000004620                W5x_writeSnDIPR
                0x000000000000462e                W5x_readSnDIPR
                0x000000000000463c                W5x_writeSnDPORT
                0x000000000000465e                W5x_readSnDPORT
                0x000000000000468e                W5x_writeSnMSSR
                0x00000000000046b0                W5x_readSnMSSR
                0x00000000000046e0                W5x_writeSnTX_FSR
                0x0000000000004702                W5x_readSnTX_FSR
                0x0000000000004732                W5x_getTXFreeSize
                0x000000000000476a                W5x_writeSnTX_RD
                0x000000000000478c                W5x_readSnTX_RD
                0x00000000000047bc                W5x_writeSnTX_WR
                0x00000000000047de                W5x_send_data_processing_offset
                0x0000000000004874                W5x_send_data_processing
                0x0000000000004880                W5x_readSnTX_WR
                0x00000000000048b0                W5x_writeSnRX_RSR
                0x00000000000048d2                W5x_readSnRX_RSR
                0x0000000000004902                W5x_getRXReceivedSize
                0x000000000000493a                W5x_writeSnRX_RD
                0x000000000000495c                W5x_readSnRX_RD
                0x000000000000498c                W5x_recv_data_processing_offset
                0x00000000000049f6                W5x_recv_data_processing
                0x0000000000004a06                W5x_writeSnRX_WR
                0x0000000000004a28                W5x_readSnRX_WR
 .text          0x0000000000004a58       0x46 /home/augoodma/Desktop/test/lib_projd.a(wdt.o)
                0x0000000000004a58                __vector_6
                0x0000000000004a76                wdt_init
                0x0000000000004a8e                wdt_reset
                0x0000000000004a92                wdt_force_restart
 .text          0x0000000000004a9e      0x43c /home/augoodma/Desktop/test/lib_projd.a(serial.o)
                0x0000000000004a9e                serial_init
                0x0000000000004ac4                __vector_18
                0x0000000000004d14                __vector_19
                0x0000000000004d7a                serial_rxchars
                0x0000000000004d88                serial_popchar
                0x0000000000004dd2                serial_isconnected
                0x0000000000004e20                serial_is_packet_ready
                0x0000000000004e26                serial_writechar
                0x0000000000004e86                serial_writestr
                0x0000000000004eb0                serial_writestr_P
 .text          0x0000000000004eda        0x0 /usr/lib/gcc/avr/5.4.0/avr5/libgcc.a(_mulsi3.o)
 .text          0x0000000000004eda        0x0 /usr/lib/gcc/avr/5.4.0/avr5/libgcc.a(_udivmodhi4.o)
 .text          0x0000000000004eda        0x0 /usr/lib/gcc/avr/5.4.0/avr5/libgcc.a(_divmodhi4.o)
 .text          0x0000000000004eda        0x0 /usr/lib/gcc/avr/5.4.0/avr5/libgcc.a(_udivmodsi4.o)
 .text          0x0000000000004eda        0x0 /usr/lib/gcc/avr/5.4.0/avr5/libgcc.a(_divmodsi4.o)
 .text          0x0000000000004eda        0x0 /usr/lib/gcc/avr/5.4.0/avr5/libgcc.a(_negsi2.o)
 .text          0x0000000000004eda        0x0 /usr/lib/gcc/avr/5.4.0/avr5/libgcc.a(_exit.o)
 .text          0x0000000000004eda        0x0 /usr/lib/gcc/avr/5.4.0/avr5/libgcc.a(_tablejump2.o)
 .text          0x0000000000004eda        0x0 /usr/lib/gcc/avr/5.4.0/avr5/libgcc.a(_copy_data.o)
 .text          0x0000000000004eda        0x0 /usr/lib/gcc/avr/5.4.0/avr5/libgcc.a(_clear_bss.o)
 .text          0x0000000000004eda        0x0 /usr/lib/gcc/avr/5.4.0/avr5/libgcc.a(_bswapsi2.o)
 .text          0x0000000000004eda        0x0 /usr/lib/gcc/avr/5.4.0/avr5/libgcc.a(_umulhisi3.o)
 .text          0x0000000000004eda        0x0 /usr/lib/gcc/avr/5.4.0/avr5/libgcc.a(_muluhisi3.o)
                0x0000000000004eda                . = ALIGN (0x2)
 *(.text.*)
 .text.libgcc.mul
                0x0000000000004eda       0x20 /usr/lib/gcc/avr/5.4.0/avr5/libgcc.a(_mulsi3.o)
                0x0000000000004eda                __mulsi3
 .text.libgcc.div
                0x0000000000004efa        0x0 /usr/lib/gcc/avr/5.4.0/avr5/libgcc.a(_mulsi3.o)
 .text.libgcc   0x0000000000004efa        0x0 /usr/lib/gcc/avr/5.4.0/avr5/libgcc.a(_mulsi3.o)
 .text.libgcc.prologue
                0x0000000000004efa        0x0 /usr/lib/gcc/avr/5.4.0/avr5/libgcc.a(_mulsi3.o)
 .text.libgcc.builtins
                0x0000000000004efa        0x0 /usr/lib/gcc/avr/5.4.0/avr5/libgcc.a(_mulsi3.o)
 .text.libgcc.fmul
                0x0000000000004efa        0x0 /usr/lib/gcc/avr/5.4.0/avr5/libgcc.a(_mulsi3.o)
 .text.libgcc.fixed
                0x0000000000004efa        0x0 /usr/lib/gcc/avr/5.4.0/avr5/libgcc.a(_mulsi3.o)
 .text.libgcc.mul
                0x0000000000004efa        0x0 /usr/lib/gcc/avr/5.4.0/avr5/libgcc.a(_udivmodhi4.o)
 .text.libgcc.div
                0x0000000000004efa       0x28 /usr/lib/gcc/avr/5.4.0/avr5/libgcc.a(_udivmodhi4.o)
                0x0000000000004efa                __udivmodhi4
 .text.libgcc   0x0000000000004f22        0x0 /usr/lib/gcc/avr/5.4.0/avr5/libgcc.a(_udivmodhi4.o)
 .text.libgcc.prologue
                0x0000000000004f22        0x0 /usr/lib/gcc/avr/5.4.0/avr5/libgcc.a(_udivmodhi4.o)
 .text.libgcc.builtins
                0x0000000000004f22        0x0 /usr/lib/gcc/avr/5.4.0/avr5/libgcc.a(_udivmodhi4.o)
 .text.libgcc.fmul
                0x0000000000004f22        0x0 /usr/lib/gcc/avr/5.4.0/avr5/libgcc.a(_udivmodhi4.o)
 .text.libgcc.fixed
                0x0000000000004f22        0x0 /usr/lib/gcc/avr/5.4.0/avr5/libgcc.a(_udivmodhi4.o)
 .text.libgcc.mul
                0x0000000000004f22        0x0 /usr/lib/gcc/avr/5.4.0/avr5/libgcc.a(_divmodhi4.o)
 .text.libgcc.div
                0x0000000000004f22       0x28 /usr/lib/gcc/avr/5.4.0/avr5/libgcc.a(_divmodhi4.o)
                0x0000000000004f22                __divmodhi4
                0x0000000000004f22                _div
 .text.libgcc   0x0000000000004f4a        0x0 /usr/lib/gcc/avr/5.4.0/avr5/libgcc.a(_divmodhi4.o)
 .text.libgcc.prologue
                0x0000000000004f4a        0x0 /usr/lib/gcc/avr/5.4.0/avr5/libgcc.a(_divmodhi4.o)
 .text.libgcc.builtins
                0x0000000000004f4a        0x0 /usr/lib/gcc/avr/5.4.0/avr5/libgcc.a(_divmodhi4.o)
 .text.libgcc.fmul
                0x0000000000004f4a        0x0 /usr/lib/gcc/avr/5.4.0/avr5/libgcc.a(_divmodhi4.o)
 .text.libgcc.fixed
                0x0000000000004f4a        0x0 /usr/lib/gcc/avr/5.4.0/avr5/libgcc.a(_divmodhi4.o)
 .text.libgcc.mul
                0x0000000000004f4a        0x0 /usr/lib/gcc/avr/5.4.0/avr5/libgcc.a(_udivmodsi4.o)
 .text.libgcc.div
                0x0000000000004f4a       0x44 /usr/lib/gcc/avr/5.4.0/avr5/libgcc.a(_udivmodsi4.o)
                0x0000000000004f4a                __udivmodsi4
 .text.libgcc   0x0000000000004f8e        0x0 /usr/lib/gcc/avr/5.4.0/avr5/libgcc.a(_udivmodsi4.o)
 .text.libgcc.prologue
                0x0000000000004f8e        0x0 /usr/lib/gcc/avr/5.4.0/avr5/libgcc.a(_udivmodsi4.o)
 .text.libgcc.builtins
                0x0000000000004f8e        0x0 /usr/lib/gcc/avr/5.4.0/avr5/libgcc.a(_udivmodsi4.o)
 .text.libgcc.fmul
                0x0000000000004f8e        0x0 /usr/lib/gcc/avr/5.4.0/avr5/libgcc.a(_udivmodsi4.o)
 .text.libgcc.fixed
                0x0000000000004f8e        0x0 /usr/lib/gcc/avr/5.4.0/avr5/libgcc.a(_udivmodsi4.o)
 .text.libgcc.mul
                0x0000000000004f8e        0x0 /usr/lib/gcc/avr/5.4.0/avr5/libgcc.a(_divmodsi4.o)
 .text.libgcc.div
                0x0000000000004f8e       0x2e /usr/lib/gcc/avr/5.4.0/avr5/libgcc.a(_divmodsi4.o)
                0x0000000000004f8e                __divmodsi4
 .text.libgcc   0x0000000000004fbc        0x0 /usr/lib/gcc/avr/5.4.0/avr5/libgcc.a(_divmodsi4.o)
 .text.libgcc.prologue
                0x0000000000004fbc        0x0 /usr/lib/gcc/avr/5.4.0/avr5/libgcc.a(_divmodsi4.o)
 .text.libgcc.builtins
                0x0000000000004fbc        0x0 /usr/lib/gcc/avr/5.4.0/avr5/libgcc.a(_divmodsi4.o)
 .text.libgcc.fmul
                0x0000000000004fbc        0x0 /usr/lib/gcc/avr/5.4.0/avr5/libgcc.a(_divmodsi4.o)
 .text.libgcc.fixed
                0x0000000000004fbc        0x0 /usr/lib/gcc/avr/5.4.0/avr5/libgcc.a(_divmodsi4.o)
 .text.libgcc.mul
                0x0000000000004fbc        0x0 /usr/lib/gcc/avr/5.4.0/avr5/libgcc.a(_negsi2.o)
 .text.libgcc.div
                0x0000000000004fbc       0x10 /usr/lib/gcc/avr/5.4.0/avr5/libgcc.a(_negsi2.o)
                0x0000000000004fbc                __negsi2
 .text.libgcc   0x0000000000004fcc        0x0 /usr/lib/gcc/avr/5.4.0/avr5/libgcc.a(_negsi2.o)
 .text.libgcc.prologue
                0x0000000000004fcc        0x0 /usr/lib/gcc/avr/5.4.0/avr5/libgcc.a(_negsi2.o)
 .text.libgcc.builtins
                0x0000000000004fcc        0x0 /usr/lib/gcc/avr/5.4.0/avr5/libgcc.a(_negsi2.o)
 .text.libgcc.fmul
                0x0000000000004fcc        0x0 /usr/lib/gcc/avr/5.4.0/avr5/libgcc.a(_negsi2.o)
 .text.libgcc.fixed
                0x0000000000004fcc        0x0 /usr/lib/gcc/avr/5.4.0/avr5/libgcc.a(_negsi2.o)
 .text.libgcc.mul
                0x0000000000004fcc        0x0 /usr/lib/gcc/avr/5.4.0/avr5/libgcc.a(_exit.o)
 .text.libgcc.div
                0x0000000000004fcc        0x0 /usr/lib/gcc/avr/5.4.0/avr5/libgcc.a(_exit.o)
 .text.libgcc   0x0000000000004fcc        0x0 /usr/lib/gcc/avr/5.4.0/avr5/libgcc.a(_exit.o)
 .text.libgcc.prologue
                0x0000000000004fcc        0x0 /usr/lib/gcc/avr/5.4.0/avr5/libgcc.a(_exit.o)
 .text.libgcc.builtins
                0x0000000000004fcc        0x0 /usr/lib/gcc/avr/5.4.0/avr5/libgcc.a(_exit.o)
 .text.libgcc.fmul
                0x0000000000004fcc        0x0 /usr/lib/gcc/avr/5.4.0/avr5/libgcc.a(_exit.o)
 .text.libgcc.fixed
                0x0000000000004fcc        0x0 /usr/lib/gcc/avr/5.4.0/avr5/libgcc.a(_exit.o)
 .text.libgcc.mul
                0x0000000000004fcc        0x0 /usr/lib/gcc/avr/5.4.0/avr5/libgcc.a(_tablejump2.o)
 .text.libgcc.div
                0x0000000000004fcc        0x0 /usr/lib/gcc/avr/5.4.0/avr5/libgcc.a(_tablejump2.o)
 .text.libgcc   0x0000000000004fcc        0xc /usr/lib/gcc/avr/5.4.0/avr5/libgcc.a(_tablejump2.o)
                0x0000000000004fcc                __tablejump2__
 .text.libgcc.prologue
                0x0000000000004fd8        0x0 /usr/lib/gcc/avr/5.4.0/avr5/libgcc.a(_tablejump2.o)
 .text.libgcc.builtins
                0x0000000000004fd8        0x0 /usr/lib/gcc/avr/5.4.0/avr5/libgcc.a(_tablejump2.o)
 .text.libgcc.fmul
                0x0000000000004fd8        0x0 /usr/lib/gcc/avr/5.4.0/avr5/libgcc.a(_tablejump2.o)
 .text.libgcc.fixed
                0x0000000000004fd8        0x0 /usr/lib/gcc/avr/5.4.0/avr5/libgcc.a(_tablejump2.o)
 .text.libgcc.mul
                0x0000000000004fd8        0x0 /usr/lib/gcc/avr/5.4.0/avr5/libgcc.a(_copy_data.o)
 .text.libgcc.div
                0x0000000000004fd8        0x0 /usr/lib/gcc/avr/5.4.0/avr5/libgcc.a(_copy_data.o)
 .text.libgcc   0x0000000000004fd8        0x0 /usr/lib/gcc/avr/5.4.0/avr5/libgcc.a(_copy_data.o)
 .text.libgcc.prologue
                0x0000000000004fd8        0x0 /usr/lib/gcc/avr/5.4.0/avr5/libgcc.a(_copy_data.o)
 .text.libgcc.builtins
                0x0000000000004fd8        0x0 /usr/lib/gcc/avr/5.4.0/avr5/libgcc.a(_copy_data.o)
 .text.libgcc.fmul
                0x0000000000004fd8        0x0 /usr/lib/gcc/avr/5.4.0/avr5/libgcc.a(_copy_data.o)
 .text.libgcc.fixed
                0x0000000000004fd8        0x0 /usr/lib/gcc/avr/5.4.0/avr5/libgcc.a(_copy_data.o)
 .text.libgcc.mul
                0x0000000000004fd8        0x0 /usr/lib/gcc/avr/5.4.0/avr5/libgcc.a(_clear_bss.o)
 .text.libgcc.div
                0x0000000000004fd8        0x0 /usr/lib/gcc/avr/5.4.0/avr5/libgcc.a(_clear_bss.o)
 .text.libgcc   0x0000000000004fd8        0x0 /usr/lib/gcc/avr/5.4.0/avr5/libgcc.a(_clear_bss.o)
 .text.libgcc.prologue
                0x0000000000004fd8        0x0 /usr/lib/gcc/avr/5.4.0/avr5/libgcc.a(_clear_bss.o)
 .text.libgcc.builtins
                0x0000000000004fd8        0x0 /usr/lib/gcc/avr/5.4.0/avr5/libgcc.a(_clear_bss.o)
 .text.libgcc.fmul
                0x0000000000004fd8        0x0 /usr/lib/gcc/avr/5.4.0/avr5/libgcc.a(_clear_bss.o)
 .text.libgcc.fixed
                0x0000000000004fd8        0x0 /usr/lib/gcc/avr/5.4.0/avr5/libgcc.a(_clear_bss.o)
 .text.libgcc.mul
                0x0000000000004fd8        0x0 /usr/lib/gcc/avr/5.4.0/avr5/libgcc.a(_bswapsi2.o)
 .text.libgcc.div
                0x0000000000004fd8        0x0 /usr/lib/gcc/avr/5.4.0/avr5/libgcc.a(_bswapsi2.o)
 .text.libgcc   0x0000000000004fd8        0x0 /usr/lib/gcc/avr/5.4.0/avr5/libgcc.a(_bswapsi2.o)
 .text.libgcc.prologue
                0x0000000000004fd8        0x0 /usr/lib/gcc/avr/5.4.0/avr5/libgcc.a(_bswapsi2.o)
 .text.libgcc.builtins
                0x0000000000004fd8        0xe /usr/lib/gcc/avr/5.4.0/avr5/libgcc.a(_bswapsi2.o)
                0x0000000000004fd8                __bswapsi2
 .text.libgcc.fmul
                0x0000000000004fe6        0x0 /usr/lib/gcc/avr/5.4.0/avr5/libgcc.a(_bswapsi2.o)
 .text.libgcc.fixed
                0x0000000000004fe6        0x0 /usr/lib/gcc/avr/5.4.0/avr5/libgcc.a(_bswapsi2.o)
 .text.libgcc.mul
                0x0000000000004fe6       0x1e /usr/lib/gcc/avr/5.4.0/avr5/libgcc.a(_umulhisi3.o)
                0x0000000000004fe6                __umulhisi3
 .text.libgcc.div
                0x0000000000005004        0x0 /usr/lib/gcc/avr/5.4.0/avr5/libgcc.a(_umulhisi3.o)
 .text.libgcc   0x0000000000005004        0x0 /usr/lib/gcc/avr/5.4.0/avr5/libgcc.a(_umulhisi3.o)
 .text.libgcc.prologue
                0x0000000000005004        0x0 /usr/lib/gcc/avr/5.4.0/avr5/libgcc.a(_umulhisi3.o)
 .text.libgcc.builtins
                0x0000000000005004        0x0 /usr/lib/gcc/avr/5.4.0/avr5/libgcc.a(_umulhisi3.o)
 .text.libgcc.fmul
                0x0000000000005004        0x0 /usr/lib/gcc/avr/5.4.0/avr5/libgcc.a(_umulhisi3.o)
 .text.libgcc.fixed
                0x0000000000005004        0x0 /usr/lib/gcc/avr/5.4.0/avr5/libgcc.a(_umulhisi3.o)
 .text.libgcc.mul
                0x0000000000005004       0x16 /usr/lib/gcc/avr/5.4.0/avr5/libgcc.a(_muluhisi3.o)
                0x0000000000005004                __muluhisi3
 .text.libgcc.div
                0x000000000000501a        0x0 /usr/lib/gcc/avr/5.4.0/avr5/libgcc.a(_muluhisi3.o)
 .text.libgcc   0x000000000000501a        0x0 /usr/lib/gcc/avr/5.4.0/avr5/libgcc.a(_muluhisi3.o)
 .text.libgcc.prologue
                0x000000000000501a        0x0 /usr/lib/gcc/avr/5.4.0/avr5/libgcc.a(_muluhisi3.o)
 .text.libgcc.builtins
                0x000000000000501a        0x0 /usr/lib/gcc/avr/5.4.0/avr5/libgcc.a(_muluhisi3.o)
 .text.libgcc.fmul
                0x000000000000501a        0x0 /usr/lib/gcc/avr/5.4.0/avr5/libgcc.a(_muluhisi3.o)
 .text.libgcc.fixed
                0x000000000000501a        0x0 /usr/lib/gcc/avr/5.4.0/avr5/libgcc.a(_muluhisi3.o)
                0x000000000000501a                . = ALIGN (0x2)
 *(.fini9)
 .fini9         0x000000000000501a        0x0 /usr/lib/gcc/avr/5.4.0/avr5/libgcc.a(_exit.o)
                0x000000000000501a                exit
                0x000000000000501a                _exit
 *(.fini9)
 *(.fini8)
 *(.fini8)
 *(.fini7)
 *(.fini7)
 *(.fini6)
 *(.fini6)
 *(.fini5)
 *(.fini5)
 *(.fini4)
 *(.fini4)
 *(.fini3)
 *(.fini3)
 *(.fini2)
 *(.fini2)
 *(.fini1)
 *(.fini1)
 *(.fini0)
 .fini0         0x000000000000501a        0x4 /usr/lib/gcc/avr/5.4.0/avr5/libgcc.a(_exit.o)
 *(.fini0)
                0x000000000000501e                _etext = .

.siminfo        0x000000000000501e       0x28
 .siminfo       0x000000000000501e       0x28 /home/augoodma/Desktop/test/lib_projd.a(uart.o)
                0x000000000000501e                siminfo_serial_out
                0x0000000000005029                siminfo_serial_in
                0x0000000000005034                siminfo_cpufrequency
                0x000000000000503a                siminfo_device

.data           0x0000000000800100      0x30e load address 0x0000000000005046
                0x0000000000800100                PROVIDE (__data_start, .)
 *(.data)
 .data          0x0000000000800100        0x0 /usr/lib/gcc/avr/5.4.0/../../../avr/lib/avr5/crtatmega328p.o
 .data          0x0000000000800100       0x12 obj/Debug/main.o
                0x0000000000800100                current_temperature
                0x0000000000800102                get_device
                0x0000000000800104                put_device
                0x0000000000800106                put_config
                0x0000000000800108                del_log
                0x000000000080010a                get_200
                0x000000000080010c                p_d_200
                0x000000000080010e                gpd_400
                0x0000000000800110                crlf
 .data          0x0000000000800112        0x0 /home/augoodma/Desktop/test/lib_projd.a(alarm.o)
 .data          0x0000000000800112       0x12 /home/augoodma/Desktop/test/lib_projd.a(config.o)
 .data          0x0000000000800124        0x0 /home/augoodma/Desktop/test/lib_projd.a(delay.o)
 .data          0x0000000000800124        0x0 /home/augoodma/Desktop/test/lib_projd.a(Dhcp.o)
 .data          0x0000000000800124        0x0 /home/augoodma/Desktop/test/lib_projd.a(eeprom.o)
 .data          0x0000000000800124        0x0 /home/augoodma/Desktop/test/lib_projd.a(led.o)
 .data          0x0000000000800124        0x0 /home/augoodma/Desktop/test/lib_projd.a(log.o)
 .data          0x0000000000800124        0x0 /home/augoodma/Desktop/test/lib_projd.a(ntp.o)
 .data          0x0000000000800124       0x14 /home/augoodma/Desktop/test/lib_projd.a(rtc.o)
 .data          0x0000000000800138        0x0 /home/augoodma/Desktop/test/lib_projd.a(signature.o)
 .data          0x0000000000800138        0x0 /home/augoodma/Desktop/test/lib_projd.a(socket.o)
 .data          0x0000000000800138        0x0 /home/augoodma/Desktop/test/lib_projd.a(spi.o)
 .data          0x0000000000800138        0x0 /home/augoodma/Desktop/test/lib_projd.a(str.o)
 .data          0x0000000000800138        0x0 /home/augoodma/Desktop/test/lib_projd.a(temp.o)
 .data          0x0000000000800138        0x0 /home/augoodma/Desktop/test/lib_projd.a(tempfsm.o)
 .data          0x0000000000800138        0x0 /home/augoodma/Desktop/test/lib_projd.a(timer1.o)
 .data          0x0000000000800138        0x0 /home/augoodma/Desktop/test/lib_projd.a(uart.o)
 .data          0x0000000000800138        0x8 /home/augoodma/Desktop/test/lib_projd.a(util.o)
 .data          0x0000000000800140        0x0 /home/augoodma/Desktop/test/lib_projd.a(vpd.o)
 .data          0x0000000000800140        0x0 /home/augoodma/Desktop/test/lib_projd.a(w5x00.o)
 .data          0x0000000000800140        0x0 /home/augoodma/Desktop/test/lib_projd.a(wdt.o)
 .data          0x0000000000800140        0x0 /home/augoodma/Desktop/test/lib_projd.a(serial.o)
 .data          0x0000000000800140        0x0 /usr/lib/gcc/avr/5.4.0/avr5/libgcc.a(_mulsi3.o)
 .data          0x0000000000800140        0x0 /usr/lib/gcc/avr/5.4.0/avr5/libgcc.a(_udivmodhi4.o)
 .data          0x0000000000800140        0x0 /usr/lib/gcc/avr/5.4.0/avr5/libgcc.a(_divmodhi4.o)
 .data          0x0000000000800140        0x0 /usr/lib/gcc/avr/5.4.0/avr5/libgcc.a(_udivmodsi4.o)
 .data          0x0000000000800140        0x0 /usr/lib/gcc/avr/5.4.0/avr5/libgcc.a(_divmodsi4.o)
 .data          0x0000000000800140        0x0 /usr/lib/gcc/avr/5.4.0/avr5/libgcc.a(_negsi2.o)
 .data          0x0000000000800140        0x0 /usr/lib/gcc/avr/5.4.0/avr5/libgcc.a(_exit.o)
 .data          0x0000000000800140        0x0 /usr/lib/gcc/avr/5.4.0/avr5/libgcc.a(_tablejump2.o)
 .data          0x0000000000800140        0x0 /usr/lib/gcc/avr/5.4.0/avr5/libgcc.a(_copy_data.o)
 .data          0x0000000000800140        0x0 /usr/lib/gcc/avr/5.4.0/avr5/libgcc.a(_clear_bss.o)
 .data          0x0000000000800140        0x0 /usr/lib/gcc/avr/5.4.0/avr5/libgcc.a(_bswapsi2.o)
 .data          0x0000000000800140        0x0 /usr/lib/gcc/avr/5.4.0/avr5/libgcc.a(_umulhisi3.o)
 .data          0x0000000000800140        0x0 /usr/lib/gcc/avr/5.4.0/avr5/libgcc.a(_muluhisi3.o)
 *(.data*)
 *(.rodata)
 .rodata        0x0000000000800140      0x1f3 obj/Debug/main.o
 .rodata        0x0000000000800333        0x4 /home/augoodma/Desktop/test/lib_projd.a(alarm.o)
 .rodata        0x0000000000800337        0x4 /home/augoodma/Desktop/test/lib_projd.a(Dhcp.o)
 .rodata        0x000000000080033b        0x4 /home/augoodma/Desktop/test/lib_projd.a(ntp.o)
 .rodata        0x000000000080033f        0xc /home/augoodma/Desktop/test/lib_projd.a(rtc.o)
 .rodata        0x000000000080034b        0x6 /home/augoodma/Desktop/test/lib_projd.a(socket.o)
 .rodata        0x0000000000800351       0x37 /home/augoodma/Desktop/test/lib_projd.a(vpd.o)
 .rodata        0x0000000000800388       0x10 /home/augoodma/Desktop/test/lib_projd.a(w5x00.o)
 *(.rodata*)
 .rodata.str1.1
                0x0000000000800398        0xa /home/augoodma/Desktop/test/lib_projd.a(alarm.o)
                                          0xf (size before relaxing)
 .rodata.str1.1
                0x00000000008003a2        0x7 /home/augoodma/Desktop/test/lib_projd.a(Dhcp.o)
 .rodata.str1.1
                0x00000000008003a9       0x13 /home/augoodma/Desktop/test/lib_projd.a(ntp.o)
 .rodata.str1.1
                0x00000000008003bc       0x14 /home/augoodma/Desktop/test/lib_projd.a(rtc.o)
 .rodata.str1.1
                0x00000000008003d0       0x3a /home/augoodma/Desktop/test/lib_projd.a(signature.o)
 .rodata.str1.1
                0x000000000080040a        0x4 /home/augoodma/Desktop/test/lib_projd.a(tempfsm.o)
                                          0x6 (size before relaxing)
 .rodata.str1.1
                0x000000000080040e        0x3 /home/augoodma/Desktop/test/lib_projd.a(uart.o)
 *(.gnu.linkonce.d*)
                0x0000000000800412                . = ALIGN (0x2)
                0x0000000000800412                _edata = .
                0x0000000000800412                PROVIDE (__data_end, .)

.bss            0x000000000080040e      0x206
                0x000000000080040e                PROVIDE (__bss_start, .)
 *(.bss)
 .bss           0x000000000080040e        0x0 /usr/lib/gcc/avr/5.4.0/../../../avr/lib/avr5/crtatmega328p.o
 .bss           0x000000000080040e        0x2 obj/Debug/main.o
                0x000000000080040e                error
 .bss           0x0000000000800410        0x0 /home/augoodma/Desktop/test/lib_projd.a(alarm.o)
 .bss           0x0000000000800410        0x1 /home/augoodma/Desktop/test/lib_projd.a(config.o)
 .bss           0x0000000000800411        0xe /home/augoodma/Desktop/test/lib_projd.a(delay.o)
 .bss           0x000000000080041f       0x43 /home/augoodma/Desktop/test/lib_projd.a(Dhcp.o)
 .bss           0x0000000000800462        0x0 /home/augoodma/Desktop/test/lib_projd.a(eeprom.o)
 .bss           0x0000000000800462        0x5 /home/augoodma/Desktop/test/lib_projd.a(led.o)
 .bss           0x0000000000800467       0x83 /home/augoodma/Desktop/test/lib_projd.a(log.o)
 .bss           0x00000000008004ea        0x0 /home/augoodma/Desktop/test/lib_projd.a(ntp.o)
 .bss           0x00000000008004ea        0x0 /home/augoodma/Desktop/test/lib_projd.a(rtc.o)
 .bss           0x00000000008004ea        0x0 /home/augoodma/Desktop/test/lib_projd.a(signature.o)
 .bss           0x00000000008004ea        0x2 /home/augoodma/Desktop/test/lib_projd.a(socket.o)
 .bss           0x00000000008004ec        0x1 /home/augoodma/Desktop/test/lib_projd.a(spi.o)
 .bss           0x00000000008004ed        0x0 /home/augoodma/Desktop/test/lib_projd.a(str.o)
 .bss           0x00000000008004ed        0x0 /home/augoodma/Desktop/test/lib_projd.a(temp.o)
 .bss           0x00000000008004ed        0x2 /home/augoodma/Desktop/test/lib_projd.a(tempfsm.o)
 .bss           0x00000000008004ef        0x4 /home/augoodma/Desktop/test/lib_projd.a(timer1.o)
 .bss           0x00000000008004f3        0x0 /home/augoodma/Desktop/test/lib_projd.a(uart.o)
 .bss           0x00000000008004f3        0x0 /home/augoodma/Desktop/test/lib_projd.a(util.o)
 .bss           0x00000000008004f3        0x0 /home/augoodma/Desktop/test/lib_projd.a(vpd.o)
 .bss           0x00000000008004f3        0x1 /home/augoodma/Desktop/test/lib_projd.a(w5x00.o)
 .bss           0x00000000008004f4        0x0 /home/augoodma/Desktop/test/lib_projd.a(wdt.o)
 .bss           0x00000000008004f4        0x7 /home/augoodma/Desktop/test/lib_projd.a(serial.o)
                0x00000000008004f4                txtail
                0x00000000008004f5                txhead
                0x00000000008004f6                rxtail
                0x00000000008004f7                rxhead
 .bss           0x00000000008004fb        0x0 /usr/lib/gcc/avr/5.4.0/avr5/libgcc.a(_mulsi3.o)
 .bss           0x00000000008004fb        0x0 /usr/lib/gcc/avr/5.4.0/avr5/libgcc.a(_udivmodhi4.o)
 .bss           0x00000000008004fb        0x0 /usr/lib/gcc/avr/5.4.0/avr5/libgcc.a(_divmodhi4.o)
 .bss           0x00000000008004fb        0x0 /usr/lib/gcc/avr/5.4.0/avr5/libgcc.a(_udivmodsi4.o)
 .bss           0x00000000008004fb        0x0 /usr/lib/gcc/avr/5.4.0/avr5/libgcc.a(_divmodsi4.o)
 .bss           0x00000000008004fb        0x0 /usr/lib/gcc/avr/5.4.0/avr5/libgcc.a(_negsi2.o)
 .bss           0x00000000008004fb        0x0 /usr/lib/gcc/avr/5.4.0/avr5/libgcc.a(_exit.o)
 .bss           0x00000000008004fb        0x0 /usr/lib/gcc/avr/5.4.0/avr5/libgcc.a(_tablejump2.o)
 .bss           0x00000000008004fb        0x0 /usr/lib/gcc/avr/5.4.0/avr5/libgcc.a(_copy_data.o)
 .bss           0x00000000008004fb        0x0 /usr/lib/gcc/avr/5.4.0/avr5/libgcc.a(_clear_bss.o)
 .bss           0x00000000008004fb        0x0 /usr/lib/gcc/avr/5.4.0/avr5/libgcc.a(_bswapsi2.o)
 .bss           0x00000000008004fb        0x0 /usr/lib/gcc/avr/5.4.0/avr5/libgcc.a(_umulhisi3.o)
 .bss           0x00000000008004fb        0x0 /usr/lib/gcc/avr/5.4.0/avr5/libgcc.a(_muluhisi3.o)
 *(.bss*)
 *(COMMON)
 COMMON         0x00000000008004fb        0x7 obj/Debug/main.o
                0x00000000008004fb                state
                0x00000000008004fd                num
                0x00000000008004ff                num_logs
                0x0000000000800501                buf
 COMMON         0x0000000000800502       0x12 /home/augoodma/Desktop/test/lib_projd.a(config.o)
                0x0000000000800502                config
 COMMON         0x0000000000800514       0x45 /home/augoodma/Desktop/test/lib_projd.a(eeprom.o)
                0x0000000000800514                write_busy
                0x0000000000800515                writeaddr
                0x0000000000800517                writesize
                0x0000000000800518                writebuf
                0x0000000000800558                bufidx
 COMMON         0x0000000000800559        0x4 /home/augoodma/Desktop/test/lib_projd.a(rtc.o)
                0x0000000000800559                rtc_base
 COMMON         0x000000000080055d       0x37 /home/augoodma/Desktop/test/lib_projd.a(vpd.o)
                0x000000000080055d                vpd
 COMMON         0x0000000000800594       0x80 /home/augoodma/Desktop/test/lib_projd.a(serial.o)
                0x0000000000800594                rxbuf
                0x00000000008005d4                txbuf
                0x0000000000800614                PROVIDE (__bss_end, .)
                0x0000000000005046                __data_load_start = LOADADDR (.data)
                0x0000000000005354                __data_load_end = (__data_load_start + SIZEOF (.data))

.noinit         0x0000000000800614        0x0
                [!provide]                        PROVIDE (__noinit_start, .)
 *(.noinit*)
                [!provide]                        PROVIDE (__noinit_end, .)
                0x0000000000800614                _end = .
                [!provide]                        PROVIDE (__heap_start, .)

.eeprom         0x0000000000810000        0x0
 *(.eeprom*)
                0x0000000000810000                __eeprom_end = .

.fuse
 *(.fuse)
 *(.lfuse)
 *(.hfuse)
 *(.efuse)

.lock
 *(.lock*)

.signature
 *(.signature*)

.user_signatures
 *(.user_signatures*)

.stab           0x0000000000000000      0xea0
 *(.stab)
 .stab          0x0000000000000000      0xea0 obj/Debug/main.o

.stabstr        0x0000000000000000      0xc3e
 *(.stabstr)
 .stabstr       0x0000000000000000      0xc3e obj/Debug/main.o

.stab.excl
 *(.stab.excl)

.stab.exclstr
 *(.stab.exclstr)

.stab.index
 *(.stab.index)

.stab.indexstr
 *(.stab.indexstr)

.comment        0x0000000000000000       0x11
 *(.comment)
 .comment       0x0000000000000000       0x11 obj/Debug/main.o
                                         0x12 (size before relaxing)
 .comment       0x0000000000000011       0x12 /home/augoodma/Desktop/test/lib_projd.a(alarm.o)
 .comment       0x0000000000000011       0x12 /home/augoodma/Desktop/test/lib_projd.a(config.o)
 .comment       0x0000000000000011       0x12 /home/augoodma/Desktop/test/lib_projd.a(delay.o)
 .comment       0x0000000000000011       0x12 /home/augoodma/Desktop/test/lib_projd.a(Dhcp.o)
 .comment       0x0000000000000011       0x12 /home/augoodma/Desktop/test/lib_projd.a(eeprom.o)
 .comment       0x0000000000000011       0x12 /home/augoodma/Desktop/test/lib_projd.a(led.o)
 .comment       0x0000000000000011       0x12 /home/augoodma/Desktop/test/lib_projd.a(log.o)
 .comment       0x0000000000000011       0x12 /home/augoodma/Desktop/test/lib_projd.a(ntp.o)
 .comment       0x0000000000000011       0x12 /home/augoodma/Desktop/test/lib_projd.a(rtc.o)
 .comment       0x0000000000000011       0x12 /home/augoodma/Desktop/test/lib_projd.a(signature.o)
 .comment       0x0000000000000011       0x12 /home/augoodma/Desktop/test/lib_projd.a(socket.o)
 .comment       0x0000000000000011       0x12 /home/augoodma/Desktop/test/lib_projd.a(spi.o)
 .comment       0x0000000000000011       0x12 /home/augoodma/Desktop/test/lib_projd.a(str.o)
 .comment       0x0000000000000011       0x12 /home/augoodma/Desktop/test/lib_projd.a(temp.o)
 .comment       0x0000000000000011       0x12 /home/augoodma/Desktop/test/lib_projd.a(tempfsm.o)
 .comment       0x0000000000000011       0x12 /home/augoodma/Desktop/test/lib_projd.a(timer1.o)
 .comment       0x0000000000000011       0x12 /home/augoodma/Desktop/test/lib_projd.a(uart.o)
 .comment       0x0000000000000011       0x12 /home/augoodma/Desktop/test/lib_projd.a(util.o)
 .comment       0x0000000000000011       0x12 /home/augoodma/Desktop/test/lib_projd.a(vpd.o)
 .comment       0x0000000000000011       0x12 /home/augoodma/Desktop/test/lib_projd.a(w5x00.o)
 .comment       0x0000000000000011       0x12 /home/augoodma/Desktop/test/lib_projd.a(wdt.o)
 .comment       0x0000000000000011       0x12 /home/augoodma/Desktop/test/lib_projd.a(serial.o)

.note.gnu.avr.deviceinfo
                0x0000000000000000       0x40
 .note.gnu.avr.deviceinfo
                0x0000000000000000       0x40 /usr/lib/gcc/avr/5.4.0/../../../avr/lib/avr5/crtatmega328p.o

.note.gnu.build-id
 *(.note.gnu.build-id)

.debug
 *(.debug)

.line
 *(.line)

.debug_srcinfo
 *(.debug_srcinfo)

.debug_sfnames
 *(.debug_sfnames)

.debug_aranges
 *(.debug_aranges)

.debug_pubnames
 *(.debug_pubnames)

.debug_info     0x0000000000000000      0x5f4
 *(.debug_info .gnu.linkonce.wi.*)
 .debug_info    0x0000000000000000      0x5f4 /usr/lib/gcc/avr/5.4.0/../../../avr/lib/avr5/crtatmega328p.o

.debug_abbrev   0x0000000000000000      0x5a2
 *(.debug_abbrev)
 .debug_abbrev  0x0000000000000000      0x5a2 /usr/lib/gcc/avr/5.4.0/../../../avr/lib/avr5/crtatmega328p.o

.debug_line     0x0000000000000000       0x1a
 *(.debug_line .debug_line.* .debug_line_end)
 .debug_line    0x0000000000000000       0x1a /usr/lib/gcc/avr/5.4.0/../../../avr/lib/avr5/crtatmega328p.o

.debug_frame
 *(.debug_frame)

.debug_str      0x0000000000000000      0x208
 *(.debug_str)
 .debug_str     0x0000000000000000      0x208 /usr/lib/gcc/avr/5.4.0/../../../avr/lib/avr5/crtatmega328p.o

.debug_loc
 *(.debug_loc)

.debug_macinfo
 *(.debug_macinfo)

.debug_weaknames
 *(.debug_weaknames)

.debug_funcnames
 *(.debug_funcnames)

.debug_typenames
 *(.debug_typenames)

.debug_varnames
 *(.debug_varnames)

.debug_pubtypes
 *(.debug_pubtypes)

.debug_ranges
 *(.debug_ranges)

.debug_macro
 *(.debug_macro)
OUTPUT(bin/Debug/finalproject.elf elf32-avr)
LOAD linker stubs

Cross Reference Table

Symbol                                            File
W5x_config                                        /home/augoodma/Desktop/test/lib_projd.a(w5x00.o)
                                                  obj/Debug/main.o
W5x_execCmdSn                                     /home/augoodma/Desktop/test/lib_projd.a(w5x00.o)
                                                  /home/augoodma/Desktop/test/lib_projd.a(socket.o)
W5x_getRXReceivedSize                             /home/augoodma/Desktop/test/lib_projd.a(w5x00.o)
                                                  /home/augoodma/Desktop/test/lib_projd.a(socket.o)
W5x_getTXFreeSize                                 /home/augoodma/Desktop/test/lib_projd.a(w5x00.o)
                                                  /home/augoodma/Desktop/test/lib_projd.a(socket.o)
W5x_init                                          /home/augoodma/Desktop/test/lib_projd.a(w5x00.o)
                                                  obj/Debug/main.o
W5x_read                                          /home/augoodma/Desktop/test/lib_projd.a(w5x00.o)
W5x_readIR                                        /home/augoodma/Desktop/test/lib_projd.a(w5x00.o)
W5x_readMR                                        /home/augoodma/Desktop/test/lib_projd.a(w5x00.o)
W5x_readRTR                                       /home/augoodma/Desktop/test/lib_projd.a(w5x00.o)
W5x_readSn                                        /home/augoodma/Desktop/test/lib_projd.a(w5x00.o)
W5x_readSnCR                                      /home/augoodma/Desktop/test/lib_projd.a(w5x00.o)
W5x_readSnDHAR                                    /home/augoodma/Desktop/test/lib_projd.a(w5x00.o)
W5x_readSnDIPR                                    /home/augoodma/Desktop/test/lib_projd.a(w5x00.o)
W5x_readSnDPORT                                   /home/augoodma/Desktop/test/lib_projd.a(w5x00.o)
W5x_readSnIR                                      /home/augoodma/Desktop/test/lib_projd.a(w5x00.o)
                                                  /home/augoodma/Desktop/test/lib_projd.a(socket.o)
W5x_readSnMR                                      /home/augoodma/Desktop/test/lib_projd.a(w5x00.o)
                                                  /home/augoodma/Desktop/test/lib_projd.a(socket.o)
W5x_readSnMSSR                                    /home/augoodma/Desktop/test/lib_projd.a(w5x00.o)
W5x_readSnPORT                                    /home/augoodma/Desktop/test/lib_projd.a(w5x00.o)
W5x_readSnRX_RD                                   /home/augoodma/Desktop/test/lib_projd.a(w5x00.o)
                                                  /home/augoodma/Desktop/test/lib_projd.a(socket.o)
W5x_readSnRX_RSR                                  /home/augoodma/Desktop/test/lib_projd.a(w5x00.o)
W5x_readSnRX_WR                                   /home/augoodma/Desktop/test/lib_projd.a(w5x00.o)
W5x_readSnSR                                      /home/augoodma/Desktop/test/lib_projd.a(w5x00.o)
                                                  /home/augoodma/Desktop/test/lib_projd.a(socket.o)
W5x_readSnTX_FSR                                  /home/augoodma/Desktop/test/lib_projd.a(w5x00.o)
W5x_readSnTX_RD                                   /home/augoodma/Desktop/test/lib_projd.a(w5x00.o)
W5x_readSnTX_WR                                   /home/augoodma/Desktop/test/lib_projd.a(w5x00.o)
W5x_readUPORT                                     /home/augoodma/Desktop/test/lib_projd.a(w5x00.o)
W5x_read_data                                     /home/augoodma/Desktop/test/lib_projd.a(w5x00.o)
                                                  /home/augoodma/Desktop/test/lib_projd.a(socket.o)
W5x_readbuf                                       /home/augoodma/Desktop/test/lib_projd.a(w5x00.o)
W5x_readbufGAR                                    /home/augoodma/Desktop/test/lib_projd.a(w5x00.o)
W5x_readbufSHAR                                   /home/augoodma/Desktop/test/lib_projd.a(w5x00.o)
W5x_readbufSIPR                                   /home/augoodma/Desktop/test/lib_projd.a(w5x00.o)
W5x_readbufSUBR                                   /home/augoodma/Desktop/test/lib_projd.a(w5x00.o)
W5x_readbufSn                                     /home/augoodma/Desktop/test/lib_projd.a(w5x00.o)
W5x_readbufUIPR                                   /home/augoodma/Desktop/test/lib_projd.a(w5x00.o)
W5x_recv_data_processing                          /home/augoodma/Desktop/test/lib_projd.a(w5x00.o)
                                                  /home/augoodma/Desktop/test/lib_projd.a(socket.o)
W5x_recv_data_processing_offset                   /home/augoodma/Desktop/test/lib_projd.a(w5x00.o)
                                                  /home/augoodma/Desktop/test/lib_projd.a(socket.o)
W5x_send_data_processing                          /home/augoodma/Desktop/test/lib_projd.a(w5x00.o)
                                                  /home/augoodma/Desktop/test/lib_projd.a(socket.o)
W5x_send_data_processing_offset                   /home/augoodma/Desktop/test/lib_projd.a(w5x00.o)
                                                  /home/augoodma/Desktop/test/lib_projd.a(socket.o)
W5x_write                                         /home/augoodma/Desktop/test/lib_projd.a(w5x00.o)
W5x_writeIR                                       /home/augoodma/Desktop/test/lib_projd.a(w5x00.o)
W5x_writeMR                                       /home/augoodma/Desktop/test/lib_projd.a(w5x00.o)
W5x_writeRTR                                      /home/augoodma/Desktop/test/lib_projd.a(w5x00.o)
W5x_writeSn                                       /home/augoodma/Desktop/test/lib_projd.a(w5x00.o)
W5x_writeSnCR                                     /home/augoodma/Desktop/test/lib_projd.a(w5x00.o)
W5x_writeSnDHAR                                   /home/augoodma/Desktop/test/lib_projd.a(w5x00.o)
                                                  /home/augoodma/Desktop/test/lib_projd.a(socket.o)
W5x_writeSnDIPR                                   /home/augoodma/Desktop/test/lib_projd.a(w5x00.o)
                                                  /home/augoodma/Desktop/test/lib_projd.a(socket.o)
W5x_writeSnDPORT                                  /home/augoodma/Desktop/test/lib_projd.a(w5x00.o)
                                                  /home/augoodma/Desktop/test/lib_projd.a(socket.o)
W5x_writeSnIR                                     /home/augoodma/Desktop/test/lib_projd.a(w5x00.o)
                                                  /home/augoodma/Desktop/test/lib_projd.a(socket.o)
W5x_writeSnMR                                     /home/augoodma/Desktop/test/lib_projd.a(w5x00.o)
                                                  /home/augoodma/Desktop/test/lib_projd.a(socket.o)
W5x_writeSnMSSR                                   /home/augoodma/Desktop/test/lib_projd.a(w5x00.o)
W5x_writeSnPORT                                   /home/augoodma/Desktop/test/lib_projd.a(w5x00.o)
                                                  /home/augoodma/Desktop/test/lib_projd.a(socket.o)
W5x_writeSnRX_RD                                  /home/augoodma/Desktop/test/lib_projd.a(w5x00.o)
                                                  /home/augoodma/Desktop/test/lib_projd.a(socket.o)
W5x_writeSnRX_RSR                                 /home/augoodma/Desktop/test/lib_projd.a(w5x00.o)
W5x_writeSnRX_WR                                  /home/augoodma/Desktop/test/lib_projd.a(w5x00.o)
W5x_writeSnSR                                     /home/augoodma/Desktop/test/lib_projd.a(w5x00.o)
W5x_writeSnTX_FSR                                 /home/augoodma/Desktop/test/lib_projd.a(w5x00.o)
W5x_writeSnTX_RD                                  /home/augoodma/Desktop/test/lib_projd.a(w5x00.o)
W5x_writeSnTX_WR                                  /home/augoodma/Desktop/test/lib_projd.a(w5x00.o)
W5x_writeUPORT                                    /home/augoodma/Desktop/test/lib_projd.a(w5x00.o)
W5x_writebuf                                      /home/augoodma/Desktop/test/lib_projd.a(w5x00.o)
W5x_writebufGAR                                   /home/augoodma/Desktop/test/lib_projd.a(w5x00.o)
W5x_writebufSHAR                                  /home/augoodma/Desktop/test/lib_projd.a(w5x00.o)
W5x_writebufSIPR                                  /home/augoodma/Desktop/test/lib_projd.a(w5x00.o)
W5x_writebufSUBR                                  /home/augoodma/Desktop/test/lib_projd.a(w5x00.o)
W5x_writebufSn                                    /home/augoodma/Desktop/test/lib_projd.a(w5x00.o)
W5x_writebufUIPR                                  /home/augoodma/Desktop/test/lib_projd.a(w5x00.o)
_ZN9DhcpClass10checkLeaseEv                       /home/augoodma/Desktop/test/lib_projd.a(Dhcp.o)
_ZN9DhcpClass10getLocalIpEv                       /home/augoodma/Desktop/test/lib_projd.a(Dhcp.o)
_ZN9DhcpClass12getGatewayIpEv                     /home/augoodma/Desktop/test/lib_projd.a(Dhcp.o)
_ZN9DhcpClass12presend_DHCPEv                     /home/augoodma/Desktop/test/lib_projd.a(Dhcp.o)
_ZN9DhcpClass13beginWithDHCPEPhmm                 /home/augoodma/Desktop/test/lib_projd.a(Dhcp.o)
_ZN9DhcpClass13getSubnetMaskEv                    /home/augoodma/Desktop/test/lib_projd.a(Dhcp.o)
_ZN9DhcpClass14getDnsServerIpEv                   /home/augoodma/Desktop/test/lib_projd.a(Dhcp.o)
_ZN9DhcpClass15getDhcpServerIpEv                  /home/augoodma/Desktop/test/lib_projd.a(Dhcp.o)
_ZN9DhcpClass16reset_DHCP_leaseEv                 /home/augoodma/Desktop/test/lib_projd.a(Dhcp.o)
_ZN9DhcpClass17parseDHCPResponseEmRm              /home/augoodma/Desktop/test/lib_projd.a(Dhcp.o)
_ZN9DhcpClass17send_DHCP_MESSAGEEhj               /home/augoodma/Desktop/test/lib_projd.a(Dhcp.o)
_ZN9DhcpClass18request_DHCP_leaseEv               /home/augoodma/Desktop/test/lib_projd.a(Dhcp.o)
_ZN9DhcpClass9printByteEPch                       /home/augoodma/Desktop/test/lib_projd.a(Dhcp.o)
__FUSE_REGION_LENGTH__                            /usr/lib/gcc/avr/5.4.0/../../../avr/lib/avr5/crtatmega328p.o
__bad_interrupt                                   /usr/lib/gcc/avr/5.4.0/../../../avr/lib/avr5/crtatmega328p.o
__bss_end                                         /usr/lib/gcc/avr/5.4.0/avr5/libgcc.a(_clear_bss.o)
__bss_start                                       /usr/lib/gcc/avr/5.4.0/avr5/libgcc.a(_clear_bss.o)
__bswapsi2                                        /usr/lib/gcc/avr/5.4.0/avr5/libgcc.a(_bswapsi2.o)
                                                  /home/augoodma/Desktop/test/lib_projd.a(Dhcp.o)
__data_end                                        /usr/lib/gcc/avr/5.4.0/avr5/libgcc.a(_copy_data.o)
__data_load_start                                 /usr/lib/gcc/avr/5.4.0/avr5/libgcc.a(_copy_data.o)
__data_start                                      /usr/lib/gcc/avr/5.4.0/avr5/libgcc.a(_copy_data.o)
__divmodhi4                                       /usr/lib/gcc/avr/5.4.0/avr5/libgcc.a(_divmodhi4.o)
                                                  /home/augoodma/Desktop/test/lib_projd.a(log.o)
__divmodsi4                                       /usr/lib/gcc/avr/5.4.0/avr5/libgcc.a(_divmodsi4.o)
                                                  /home/augoodma/Desktop/test/lib_projd.a(uart.o)
                                                  /home/augoodma/Desktop/test/lib_projd.a(temp.o)
                                                  /home/augoodma/Desktop/test/lib_projd.a(socket.o)
__do_clear_bss                                    /usr/lib/gcc/avr/5.4.0/avr5/libgcc.a(_clear_bss.o)
                                                  /home/augoodma/Desktop/test/lib_projd.a(serial.o)
                                                  /home/augoodma/Desktop/test/lib_projd.a(w5x00.o)
                                                  /home/augoodma/Desktop/test/lib_projd.a(vpd.o)
                                                  /home/augoodma/Desktop/test/lib_projd.a(timer1.o)
                                                  /home/augoodma/Desktop/test/lib_projd.a(tempfsm.o)
                                                  /home/augoodma/Desktop/test/lib_projd.a(spi.o)
                                                  /home/augoodma/Desktop/test/lib_projd.a(socket.o)
                                                  /home/augoodma/Desktop/test/lib_projd.a(rtc.o)
                                                  /home/augoodma/Desktop/test/lib_projd.a(log.o)
                                                  /home/augoodma/Desktop/test/lib_projd.a(led.o)
                                                  /home/augoodma/Desktop/test/lib_projd.a(eeprom.o)
                                                  /home/augoodma/Desktop/test/lib_projd.a(Dhcp.o)
                                                  /home/augoodma/Desktop/test/lib_projd.a(delay.o)
                                                  /home/augoodma/Desktop/test/lib_projd.a(config.o)
                                                  obj/Debug/main.o
__do_copy_data                                    /usr/lib/gcc/avr/5.4.0/avr5/libgcc.a(_copy_data.o)
                                                  /home/augoodma/Desktop/test/lib_projd.a(w5x00.o)
                                                  /home/augoodma/Desktop/test/lib_projd.a(vpd.o)
                                                  /home/augoodma/Desktop/test/lib_projd.a(util.o)
                                                  /home/augoodma/Desktop/test/lib_projd.a(uart.o)
                                                  /home/augoodma/Desktop/test/lib_projd.a(tempfsm.o)
                                                  /home/augoodma/Desktop/test/lib_projd.a(socket.o)
                                                  /home/augoodma/Desktop/test/lib_projd.a(signature.o)
                                                  /home/augoodma/Desktop/test/lib_projd.a(rtc.o)
                                                  /home/augoodma/Desktop/test/lib_projd.a(ntp.o)
                                                  /home/augoodma/Desktop/test/lib_projd.a(Dhcp.o)
                                                  /home/augoodma/Desktop/test/lib_projd.a(config.o)
                                                  /home/augoodma/Desktop/test/lib_projd.a(alarm.o)
                                                  obj/Debug/main.o
__heap_end                                        /usr/lib/gcc/avr/5.4.0/../../../avr/lib/avr5/crtatmega328p.o
__init                                            /usr/lib/gcc/avr/5.4.0/../../../avr/lib/avr5/crtatmega328p.o
__mulsi3                                          /usr/lib/gcc/avr/5.4.0/avr5/libgcc.a(_mulsi3.o)
                                                  /home/augoodma/Desktop/test/lib_projd.a(rtc.o)
__muluhisi3                                       /usr/lib/gcc/avr/5.4.0/avr5/libgcc.a(_muluhisi3.o)
                                                  /usr/lib/gcc/avr/5.4.0/avr5/libgcc.a(_mulsi3.o)
                                                  /home/augoodma/Desktop/test/lib_projd.a(util.o)
                                                  /home/augoodma/Desktop/test/lib_projd.a(uart.o)
                                                  /home/augoodma/Desktop/test/lib_projd.a(temp.o)
                                                  /home/augoodma/Desktop/test/lib_projd.a(socket.o)
                                                  /home/augoodma/Desktop/test/lib_projd.a(rtc.o)
__negsi2                                          /usr/lib/gcc/avr/5.4.0/avr5/libgcc.a(_negsi2.o)
                                                  /usr/lib/gcc/avr/5.4.0/avr5/libgcc.a(_divmodsi4.o)
__stack                                           /usr/lib/gcc/avr/5.4.0/../../../avr/lib/avr5/crtatmega328p.o
__tablejump2__                                    /usr/lib/gcc/avr/5.4.0/avr5/libgcc.a(_tablejump2.o)
                                                  /home/augoodma/Desktop/test/lib_projd.a(tempfsm.o)
                                                  obj/Debug/main.o
__udivmodhi4                                      /usr/lib/gcc/avr/5.4.0/avr5/libgcc.a(_udivmodhi4.o)
                                                  /usr/lib/gcc/avr/5.4.0/avr5/libgcc.a(_divmodhi4.o)
                                                  /home/augoodma/Desktop/test/lib_projd.a(str.o)
                                                  /home/augoodma/Desktop/test/lib_projd.a(rtc.o)
__udivmodsi4                                      /usr/lib/gcc/avr/5.4.0/avr5/libgcc.a(_udivmodsi4.o)
                                                  /usr/lib/gcc/avr/5.4.0/avr5/libgcc.a(_divmodsi4.o)
                                                  /home/augoodma/Desktop/test/lib_projd.a(util.o)
                                                  /home/augoodma/Desktop/test/lib_projd.a(rtc.o)
                                                  /home/augoodma/Desktop/test/lib_projd.a(Dhcp.o)
__umulhisi3                                       /usr/lib/gcc/avr/5.4.0/avr5/libgcc.a(_umulhisi3.o)
                                                  /usr/lib/gcc/avr/5.4.0/avr5/libgcc.a(_muluhisi3.o)
                                                  /home/augoodma/Desktop/test/lib_projd.a(rtc.o)
__vector_1                                        /usr/lib/gcc/avr/5.4.0/../../../avr/lib/avr5/crtatmega328p.o
__vector_10                                       /usr/lib/gcc/avr/5.4.0/../../../avr/lib/avr5/crtatmega328p.o
__vector_11                                       /home/augoodma/Desktop/test/lib_projd.a(timer1.o)
                                                  /usr/lib/gcc/avr/5.4.0/../../../avr/lib/avr5/crtatmega328p.o
__vector_12                                       /usr/lib/gcc/avr/5.4.0/../../../avr/lib/avr5/crtatmega328p.o
__vector_13                                       /usr/lib/gcc/avr/5.4.0/../../../avr/lib/avr5/crtatmega328p.o
__vector_14                                       /home/augoodma/Desktop/test/lib_projd.a(delay.o)
                                                  /usr/lib/gcc/avr/5.4.0/../../../avr/lib/avr5/crtatmega328p.o
__vector_15                                       /usr/lib/gcc/avr/5.4.0/../../../avr/lib/avr5/crtatmega328p.o
__vector_16                                       /usr/lib/gcc/avr/5.4.0/../../../avr/lib/avr5/crtatmega328p.o
__vector_17                                       /usr/lib/gcc/avr/5.4.0/../../../avr/lib/avr5/crtatmega328p.o
__vector_18                                       /home/augoodma/Desktop/test/lib_projd.a(serial.o)
                                                  /usr/lib/gcc/avr/5.4.0/../../../avr/lib/avr5/crtatmega328p.o
__vector_19                                       /home/augoodma/Desktop/test/lib_projd.a(serial.o)
                                                  /usr/lib/gcc/avr/5.4.0/../../../avr/lib/avr5/crtatmega328p.o
__vector_2                                        /usr/lib/gcc/avr/5.4.0/../../../avr/lib/avr5/crtatmega328p.o
__vector_20                                       /usr/lib/gcc/avr/5.4.0/../../../avr/lib/avr5/crtatmega328p.o
__vector_21                                       /usr/lib/gcc/avr/5.4.0/../../../avr/lib/avr5/crtatmega328p.o
__vector_22                                       /home/augoodma/Desktop/test/lib_projd.a(eeprom.o)
                                                  /usr/lib/gcc/avr/5.4.0/../../../avr/lib/avr5/crtatmega328p.o
__vector_23                                       /usr/lib/gcc/avr/5.4.0/../../../avr/lib/avr5/crtatmega328p.o
__vector_24                                       /usr/lib/gcc/avr/5.4.0/../../../avr/lib/avr5/crtatmega328p.o
__vector_25                                       /usr/lib/gcc/avr/5.4.0/../../../avr/lib/avr5/crtatmega328p.o
__vector_3                                        /usr/lib/gcc/avr/5.4.0/../../../avr/lib/avr5/crtatmega328p.o
__vector_4                                        /usr/lib/gcc/avr/5.4.0/../../../avr/lib/avr5/crtatmega328p.o
__vector_5                                        /usr/lib/gcc/avr/5.4.0/../../../avr/lib/avr5/crtatmega328p.o
__vector_6                                        /home/augoodma/Desktop/test/lib_projd.a(wdt.o)
                                                  /usr/lib/gcc/avr/5.4.0/../../../avr/lib/avr5/crtatmega328p.o
__vector_7                                        /usr/lib/gcc/avr/5.4.0/../../../avr/lib/avr5/crtatmega328p.o
__vector_8                                        /usr/lib/gcc/avr/5.4.0/../../../avr/lib/avr5/crtatmega328p.o
__vector_9                                        /usr/lib/gcc/avr/5.4.0/../../../avr/lib/avr5/crtatmega328p.o
__vector_default                                  /usr/lib/gcc/avr/5.4.0/../../../avr/lib/avr5/crtatmega328p.o
__vectors                                         /usr/lib/gcc/avr/5.4.0/../../../avr/lib/avr5/crtatmega328p.o
_div                                              /usr/lib/gcc/avr/5.4.0/avr5/libgcc.a(_divmodhi4.o)
_exit                                             /usr/lib/gcc/avr/5.4.0/avr5/libgcc.a(_exit.o)
alarm_init                                        /home/augoodma/Desktop/test/lib_projd.a(alarm.o)
alarm_send                                        /home/augoodma/Desktop/test/lib_projd.a(alarm.o)
                                                  /home/augoodma/Desktop/test/lib_projd.a(tempfsm.o)
                                                  /home/augoodma/Desktop/test/lib_projd.a(signature.o)
                                                  obj/Debug/main.o
buf                                               obj/Debug/main.o
bufidx                                            /home/augoodma/Desktop/test/lib_projd.a(eeprom.o)
check_for_test_start                              /home/augoodma/Desktop/test/lib_projd.a(signature.o)
                                                  obj/Debug/main.o
config                                            /home/augoodma/Desktop/test/lib_projd.a(config.o)
                                                  obj/Debug/main.o
config_init                                       /home/augoodma/Desktop/test/lib_projd.a(config.o)
                                                  obj/Debug/main.o
config_is_data_valid                              /home/augoodma/Desktop/test/lib_projd.a(config.o)
config_set_modified                               /home/augoodma/Desktop/test/lib_projd.a(config.o)
config_update                                     /home/augoodma/Desktop/test/lib_projd.a(config.o)
                                                  obj/Debug/main.o
config_update_noisr                               /home/augoodma/Desktop/test/lib_projd.a(config.o)
                                                  /home/augoodma/Desktop/test/lib_projd.a(wdt.o)
config_write_defaults                             /home/augoodma/Desktop/test/lib_projd.a(config.o)
crlf                                              obj/Debug/main.o
current_temperature                               obj/Debug/main.o
del_log                                           obj/Debug/main.o
delay_get                                         /home/augoodma/Desktop/test/lib_projd.a(delay.o)
delay_init                                        /home/augoodma/Desktop/test/lib_projd.a(delay.o)
delay_isdone                                      /home/augoodma/Desktop/test/lib_projd.a(delay.o)
                                                  /home/augoodma/Desktop/test/lib_projd.a(led.o)
delay_set                                         /home/augoodma/Desktop/test/lib_projd.a(delay.o)
                                                  /home/augoodma/Desktop/test/lib_projd.a(led.o)
                                                  obj/Debug/main.o
dhcp_checkLease                                   /home/augoodma/Desktop/test/lib_projd.a(Dhcp.o)
dhcp_getDhcpServerIp                              /home/augoodma/Desktop/test/lib_projd.a(Dhcp.o)
dhcp_getDnsServerIp                               /home/augoodma/Desktop/test/lib_projd.a(Dhcp.o)
dhcp_getGatewayIp                                 /home/augoodma/Desktop/test/lib_projd.a(Dhcp.o)
                                                  obj/Debug/main.o
dhcp_getLocalIp                                   /home/augoodma/Desktop/test/lib_projd.a(Dhcp.o)
                                                  obj/Debug/main.o
dhcp_getSubnetMask                                /home/augoodma/Desktop/test/lib_projd.a(Dhcp.o)
                                                  obj/Debug/main.o
dhcp_start                                        /home/augoodma/Desktop/test/lib_projd.a(Dhcp.o)
                                                  obj/Debug/main.o
eeprom_isbusy                                     /home/augoodma/Desktop/test/lib_projd.a(eeprom.o)
                                                  /home/augoodma/Desktop/test/lib_projd.a(vpd.o)
                                                  /home/augoodma/Desktop/test/lib_projd.a(log.o)
                                                  /home/augoodma/Desktop/test/lib_projd.a(config.o)
eeprom_readbuf                                    /home/augoodma/Desktop/test/lib_projd.a(eeprom.o)
                                                  /home/augoodma/Desktop/test/lib_projd.a(vpd.o)
                                                  /home/augoodma/Desktop/test/lib_projd.a(log.o)
                                                  /home/augoodma/Desktop/test/lib_projd.a(config.o)
eeprom_startwrite                                 /home/augoodma/Desktop/test/lib_projd.a(eeprom.o)
eeprom_writebuf                                   /home/augoodma/Desktop/test/lib_projd.a(eeprom.o)
                                                  /home/augoodma/Desktop/test/lib_projd.a(vpd.o)
                                                  /home/augoodma/Desktop/test/lib_projd.a(log.o)
                                                  /home/augoodma/Desktop/test/lib_projd.a(config.o)
eeprom_writebuf_noisr                             /home/augoodma/Desktop/test/lib_projd.a(eeprom.o)
                                                  /home/augoodma/Desktop/test/lib_projd.a(log.o)
                                                  /home/augoodma/Desktop/test/lib_projd.a(config.o)
error                                             obj/Debug/main.o
exit                                              /usr/lib/gcc/avr/5.4.0/avr5/libgcc.a(_exit.o)
                                                  /usr/lib/gcc/avr/5.4.0/../../../avr/lib/avr5/crtatmega328p.o
get_200                                           obj/Debug/main.o
get_device                                        obj/Debug/main.o
get_month                                         /home/augoodma/Desktop/test/lib_projd.a(rtc.o)
gpd_400                                           obj/Debug/main.o
isW5100                                           /home/augoodma/Desktop/test/lib_projd.a(w5x00.o)
isW5500                                           /home/augoodma/Desktop/test/lib_projd.a(w5x00.o)
is_leapyear                                       /home/augoodma/Desktop/test/lib_projd.a(rtc.o)
led_init                                          /home/augoodma/Desktop/test/lib_projd.a(led.o)
                                                  obj/Debug/main.o
led_is_on                                         /home/augoodma/Desktop/test/lib_projd.a(led.o)
led_off                                           /home/augoodma/Desktop/test/lib_projd.a(led.o)
led_on                                            /home/augoodma/Desktop/test/lib_projd.a(led.o)
                                                  /home/augoodma/Desktop/test/lib_projd.a(wdt.o)
led_set_blink                                     /home/augoodma/Desktop/test/lib_projd.a(led.o)
                                                  /home/augoodma/Desktop/test/lib_projd.a(tempfsm.o)
led_update                                        /home/augoodma/Desktop/test/lib_projd.a(led.o)
                                                  obj/Debug/main.o
log_add_record                                    /home/augoodma/Desktop/test/lib_projd.a(log.o)
                                                  /home/augoodma/Desktop/test/lib_projd.a(wdt.o)
                                                  /home/augoodma/Desktop/test/lib_projd.a(tempfsm.o)
                                                  obj/Debug/main.o
log_clear                                         /home/augoodma/Desktop/test/lib_projd.a(log.o)
                                                  obj/Debug/main.o
log_get_num_entries                               /home/augoodma/Desktop/test/lib_projd.a(log.o)
                                                  obj/Debug/main.o
log_get_record                                    /home/augoodma/Desktop/test/lib_projd.a(log.o)
                                                  obj/Debug/main.o
log_init                                          /home/augoodma/Desktop/test/lib_projd.a(log.o)
                                                  obj/Debug/main.o
log_is_data_valid                                 /home/augoodma/Desktop/test/lib_projd.a(log.o)
log_update                                        /home/augoodma/Desktop/test/lib_projd.a(log.o)
                                                  obj/Debug/main.o
log_update_noisr                                  /home/augoodma/Desktop/test/lib_projd.a(log.o)
                                                  /home/augoodma/Desktop/test/lib_projd.a(wdt.o)
main                                              obj/Debug/main.o
                                                  /usr/lib/gcc/avr/5.4.0/../../../avr/lib/avr5/crtatmega328p.o
mem_cmp                                           /home/augoodma/Desktop/test/lib_projd.a(str.o)
                                                  /home/augoodma/Desktop/test/lib_projd.a(Dhcp.o)
mem_cpy                                           /home/augoodma/Desktop/test/lib_projd.a(str.o)
                                                  /home/augoodma/Desktop/test/lib_projd.a(signature.o)
                                                  /home/augoodma/Desktop/test/lib_projd.a(Dhcp.o)
mem_set                                           /home/augoodma/Desktop/test/lib_projd.a(str.o)
                                                  /home/augoodma/Desktop/test/lib_projd.a(Dhcp.o)
millis                                            /home/augoodma/Desktop/test/lib_projd.a(delay.o)
                                                  /home/augoodma/Desktop/test/lib_projd.a(w5x00.o)
                                                  /home/augoodma/Desktop/test/lib_projd.a(ntp.o)
                                                  /home/augoodma/Desktop/test/lib_projd.a(Dhcp.o)
                                                  /home/augoodma/Desktop/test/lib_projd.a(alarm.o)
ntp_sync_network_time                             /home/augoodma/Desktop/test/lib_projd.a(ntp.o)
                                                  obj/Debug/main.o
num                                               obj/Debug/main.o
num_logs                                          obj/Debug/main.o
p_d_200                                           obj/Debug/main.o
put_config                                        obj/Debug/main.o
put_device                                        obj/Debug/main.o
random                                            /home/augoodma/Desktop/test/lib_projd.a(util.o)
                                                  /home/augoodma/Desktop/test/lib_projd.a(Dhcp.o)
random_seed                                       /home/augoodma/Desktop/test/lib_projd.a(util.o)
rtc_base                                          /home/augoodma/Desktop/test/lib_projd.a(rtc.o)
rtc_get_date                                      /home/augoodma/Desktop/test/lib_projd.a(rtc.o)
                                                  /home/augoodma/Desktop/test/lib_projd.a(log.o)
rtc_get_date_string                               /home/augoodma/Desktop/test/lib_projd.a(rtc.o)
                                                  /home/augoodma/Desktop/test/lib_projd.a(ntp.o)
                                                  /home/augoodma/Desktop/test/lib_projd.a(alarm.o)
rtc_init                                          /home/augoodma/Desktop/test/lib_projd.a(rtc.o)
                                                  obj/Debug/main.o
rtc_num2datestr                                   /home/augoodma/Desktop/test/lib_projd.a(rtc.o)
                                                  /home/augoodma/Desktop/test/lib_projd.a(socket.o)
                                                  /home/augoodma/Desktop/test/lib_projd.a(ntp.o)
rtc_set_by_datestr                                /home/augoodma/Desktop/test/lib_projd.a(rtc.o)
                                                  /home/augoodma/Desktop/test/lib_projd.a(ntp.o)
rtc_set_date                                      /home/augoodma/Desktop/test/lib_projd.a(rtc.o)
rxbuf                                             /home/augoodma/Desktop/test/lib_projd.a(serial.o)
rxhead                                            /home/augoodma/Desktop/test/lib_projd.a(serial.o)
rxtail                                            /home/augoodma/Desktop/test/lib_projd.a(serial.o)
serial_init                                       /home/augoodma/Desktop/test/lib_projd.a(serial.o)
                                                  /home/augoodma/Desktop/test/lib_projd.a(uart.o)
serial_is_packet_ready                            /home/augoodma/Desktop/test/lib_projd.a(serial.o)
                                                  /home/augoodma/Desktop/test/lib_projd.a(uart.o)
serial_isconnected                                /home/augoodma/Desktop/test/lib_projd.a(serial.o)
                                                  /home/augoodma/Desktop/test/lib_projd.a(uart.o)
serial_popchar                                    /home/augoodma/Desktop/test/lib_projd.a(serial.o)
                                                  /home/augoodma/Desktop/test/lib_projd.a(uart.o)
                                                  /home/augoodma/Desktop/test/lib_projd.a(signature.o)
serial_rxchars                                    /home/augoodma/Desktop/test/lib_projd.a(serial.o)
                                                  /home/augoodma/Desktop/test/lib_projd.a(uart.o)
                                                  /home/augoodma/Desktop/test/lib_projd.a(signature.o)
serial_writechar                                  /home/augoodma/Desktop/test/lib_projd.a(serial.o)
                                                  /home/augoodma/Desktop/test/lib_projd.a(uart.o)
serial_writestr                                   /home/augoodma/Desktop/test/lib_projd.a(serial.o)
serial_writestr_P                                 /home/augoodma/Desktop/test/lib_projd.a(serial.o)
signature_set                                     /home/augoodma/Desktop/test/lib_projd.a(signature.o)
                                                  obj/Debug/main.o
siminfo_cpufrequency                              /home/augoodma/Desktop/test/lib_projd.a(uart.o)
siminfo_device                                    /home/augoodma/Desktop/test/lib_projd.a(uart.o)
siminfo_serial_in                                 /home/augoodma/Desktop/test/lib_projd.a(uart.o)
siminfo_serial_out                                /home/augoodma/Desktop/test/lib_projd.a(uart.o)
socket_close                                      /home/augoodma/Desktop/test/lib_projd.a(socket.o)
socket_connect                                    /home/augoodma/Desktop/test/lib_projd.a(socket.o)
socket_disconnect                                 /home/augoodma/Desktop/test/lib_projd.a(socket.o)
                                                  obj/Debug/main.o
socket_flush_line                                 /home/augoodma/Desktop/test/lib_projd.a(socket.o)
                                                  obj/Debug/main.o
socket_igmpsend                                   /home/augoodma/Desktop/test/lib_projd.a(socket.o)
socket_is_active                                  /home/augoodma/Desktop/test/lib_projd.a(socket.o)
socket_is_blank_line                              /home/augoodma/Desktop/test/lib_projd.a(socket.o)
socket_is_closed                                  /home/augoodma/Desktop/test/lib_projd.a(socket.o)
                                                  obj/Debug/main.o
socket_is_established                             /home/augoodma/Desktop/test/lib_projd.a(socket.o)
                                                  obj/Debug/main.o
socket_is_listening                               /home/augoodma/Desktop/test/lib_projd.a(socket.o)
socket_listen                                     /home/augoodma/Desktop/test/lib_projd.a(socket.o)
                                                  obj/Debug/main.o
socket_open                                       /home/augoodma/Desktop/test/lib_projd.a(socket.o)
                                                  obj/Debug/main.o
socket_peek                                       /home/augoodma/Desktop/test/lib_projd.a(socket.o)
socket_received_line                              /home/augoodma/Desktop/test/lib_projd.a(socket.o)
socket_recv                                       /home/augoodma/Desktop/test/lib_projd.a(socket.o)
socket_recv_available                             /home/augoodma/Desktop/test/lib_projd.a(socket.o)
socket_recv_compare                               /home/augoodma/Desktop/test/lib_projd.a(socket.o)
                                                  obj/Debug/main.o
socket_recv_int                                   /home/augoodma/Desktop/test/lib_projd.a(socket.o)
                                                  obj/Debug/main.o
socket_send                                       /home/augoodma/Desktop/test/lib_projd.a(socket.o)
socket_write_macaddress                           /home/augoodma/Desktop/test/lib_projd.a(socket.o)
                                                  obj/Debug/main.o
socket_writechar                                  /home/augoodma/Desktop/test/lib_projd.a(socket.o)
                                                  obj/Debug/main.o
socket_writedate                                  /home/augoodma/Desktop/test/lib_projd.a(socket.o)
                                                  obj/Debug/main.o
socket_writedec32                                 /home/augoodma/Desktop/test/lib_projd.a(socket.o)
                                                  obj/Debug/main.o
socket_writehex16                                 /home/augoodma/Desktop/test/lib_projd.a(socket.o)
socket_writehex8                                  /home/augoodma/Desktop/test/lib_projd.a(socket.o)
socket_writequotedstring                          /home/augoodma/Desktop/test/lib_projd.a(socket.o)
                                                  obj/Debug/main.o
socket_writestr                                   /home/augoodma/Desktop/test/lib_projd.a(socket.o)
                                                  obj/Debug/main.o
spi_begin_transfer                                /home/augoodma/Desktop/test/lib_projd.a(spi.o)
                                                  /home/augoodma/Desktop/test/lib_projd.a(w5x00.o)
spi_end_transfer                                  /home/augoodma/Desktop/test/lib_projd.a(spi.o)
                                                  /home/augoodma/Desktop/test/lib_projd.a(w5x00.o)
spi_init                                          /home/augoodma/Desktop/test/lib_projd.a(spi.o)
                                                  obj/Debug/main.o
spi_is_locked                                     /home/augoodma/Desktop/test/lib_projd.a(spi.o)
spi_transfer                                      /home/augoodma/Desktop/test/lib_projd.a(spi.o)
                                                  /home/augoodma/Desktop/test/lib_projd.a(w5x00.o)
state                                             obj/Debug/main.o
str_cmp                                           /home/augoodma/Desktop/test/lib_projd.a(util.o)
                                                  /home/augoodma/Desktop/test/lib_projd.a(signature.o)
str_cpy                                           /home/augoodma/Desktop/test/lib_projd.a(str.o)
                                                  /home/augoodma/Desktop/test/lib_projd.a(rtc.o)
                                                  /home/augoodma/Desktop/test/lib_projd.a(Dhcp.o)
str_len                                           /home/augoodma/Desktop/test/lib_projd.a(str.o)
                                                  /home/augoodma/Desktop/test/lib_projd.a(socket.o)
                                                  /home/augoodma/Desktop/test/lib_projd.a(Dhcp.o)
                                                  /home/augoodma/Desktop/test/lib_projd.a(alarm.o)
str_writeudec16                                   /home/augoodma/Desktop/test/lib_projd.a(str.o)
                                                  /home/augoodma/Desktop/test/lib_projd.a(rtc.o)
strtoi                                            /home/augoodma/Desktop/test/lib_projd.a(util.o)