Archive member included to satisfy reference by file (symbol)

/home/augoodma/Desktop/Project 6/lib_proj2.a(led.o)
                              obj/Debug/main.o (led_set_blink)
/home/augoodma/Desktop/Project 6/lib_proj2.a(led_part.o)
                              obj/Debug/main.o (led_init)
/home/augoodma/Desktop/Project 6/lib_proj2.a(log.o)
                              obj/Debug/main.o (log_init)
/home/augoodma/Desktop/Project 6/lib_proj2.a(rtc.o)
                              obj/Debug/main.o (rtc_init)
/home/augoodma/Desktop/Project 6/lib_proj2.a(str.o)
                              /home/augoodma/Desktop/Project 6/lib_proj2.a(rtc.o) (str_cpy)
/home/augoodma/Desktop/Project 6/lib_proj2.a(timer1.o)
                              /home/augoodma/Desktop/Project 6/lib_proj2.a(rtc.o) (timer1_init)
/home/augoodma/Desktop/Project 6/lib_proj2.a(uart.o)
                              obj/Debug/main.o (uart_init)
/home/augoodma/Desktop/Project 6/lib_proj2.a(util_part.o)
                              obj/Debug/main.o (dump_eeprom)
/home/augoodma/Desktop/Project 6/lib_proj2.a(delay.o)
                              /home/augoodma/Desktop/Project 6/lib_proj2.a(led.o) (delay_isdone)
/home/augoodma/Desktop/Project 6/lib_proj2.a(serial.o)
                              /home/augoodma/Desktop/Project 6/lib_proj2.a(uart.o) (serial_init)
/usr/lib/gcc/avr/5.4.0/avr5/libgcc.a(_mulsi3.o)
                              /home/augoodma/Desktop/Project 6/lib_proj2.a(rtc.o) (__mulsi3)
/usr/lib/gcc/avr/5.4.0/avr5/libgcc.a(_udivmodhi4.o)
                              /home/augoodma/Desktop/Project 6/lib_proj2.a(rtc.o) (__udivmodhi4)
/usr/lib/gcc/avr/5.4.0/avr5/libgcc.a(_divmodhi4.o)
                              /home/augoodma/Desktop/Project 6/lib_proj2.a(log.o) (__divmodhi4)
/usr/lib/gcc/avr/5.4.0/avr5/libgcc.a(_udivmodsi4.o)
                              /home/augoodma/Desktop/Project 6/lib_proj2.a(rtc.o) (__udivmodsi4)
/usr/lib/gcc/avr/5.4.0/avr5/libgcc.a(_divmodsi4.o)
                              /home/augoodma/Desktop/Project 6/lib_proj2.a(uart.o) (__divmodsi4)
/usr/lib/gcc/avr/5.4.0/avr5/libgcc.a(_negsi2.o)
                              /usr/lib/gcc/avr/5.4.0/avr5/libgcc.a(_divmodsi4.o) (__negsi2)
/usr/lib/gcc/avr/5.4.0/avr5/libgcc.a(_exit.o)
                              /usr/lib/gcc/avr/5.4.0/../../../avr/lib/avr5/crtatmega328p.o (exit)
/usr/lib/gcc/avr/5.4.0/avr5/libgcc.a(_copy_data.o)
                              obj/Debug/config.o (__do_copy_data)
/usr/lib/gcc/avr/5.4.0/avr5/libgcc.a(_clear_bss.o)
                              obj/Debug/config.o (__do_clear_bss)
/usr/lib/gcc/avr/5.4.0/avr5/libgcc.a(_umulhisi3.o)
                              /home/augoodma/Desktop/Project 6/lib_proj2.a(rtc.o) (__umulhisi3)
/usr/lib/gcc/avr/5.4.0/avr5/libgcc.a(_muluhisi3.o)
                              /home/augoodma/Desktop/Project 6/lib_proj2.a(rtc.o) (__muluhisi3)

Allocating common symbols
Common symbol       size              file

rxbuf               0x40              /home/augoodma/Desktop/Project 6/lib_proj2.a(serial.o)
p_config_struct     0x12              obj/Debug/config.o
rtc_base            0x4               /home/augoodma/Desktop/Project 6/lib_proj2.a(rtc.o)
txbuf               0x40              /home/augoodma/Desktop/Project 6/lib_proj2.a(serial.o)

Memory Configuration

Name             Origin             Length             Attributes
text             0x0000000000000000 0x0000000000020000 xr
data             0x0000000000800060 0x000000000000ffa0 rw !x
eeprom           0x0000000000810000 0x0000000000010000 rw !x
fuse             0x0000000000820000 0x0000000000000003 rw !x
lock             0x0000000000830000 0x0000000000000400 rw !x
signature        0x0000000000840000 0x0000000000000400 rw !x
user_signatures  0x0000000000850000 0x0000000000000400 rw !x
*default*        0x0000000000000000 0xffffffffffffffff

Linker script and memory map

Address of section .data set to 0x800100
LOAD /usr/lib/gcc/avr/5.4.0/../../../avr/lib/avr5/crtatmega328p.o
LOAD obj/Debug/config.o
LOAD obj/Debug/eeprom.o
LOAD obj/Debug/main.o
LOAD obj/Debug/util.o
LOAD obj/Debug/vpd.o
LOAD /home/augoodma/Desktop/Project 6/lib_proj2.a
LOAD /home/augoodma/Desktop/Project 6/lib_proj2.a
LOAD /usr/lib/gcc/avr/5.4.0/avr5/libgcc.a
LOAD /usr/lib/gcc/avr/5.4.0/../../../avr/lib/avr5/libm.a
START GROUP
LOAD /usr/lib/gcc/avr/5.4.0/avr5/libgcc.a
LOAD /usr/lib/gcc/avr/5.4.0/../../../avr/lib/avr5/libm.a
LOAD /usr/lib/gcc/avr/5.4.0/../../../avr/lib/avr5/libc.a
LOAD /usr/lib/gcc/avr/5.4.0/../../../avr/lib/avr5/libatmega328p.a
END GROUP
                0x0000000000020000                __TEXT_REGION_LENGTH__ = DEFINED (__TEXT_REGION_LENGTH__)?__TEXT_REGION_LENGTH__:0x20000
                0x000000000000ffa0                __DATA_REGION_LENGTH__ = DEFINED (__DATA_REGION_LENGTH__)?__DATA_REGION_LENGTH__:0xffa0
                0x0000000000010000                __EEPROM_REGION_LENGTH__ = DEFINED (__EEPROM_REGION_LENGTH__)?__EEPROM_REGION_LENGTH__:0x10000
                [0x0000000000000003]                __FUSE_REGION_LENGTH__ = DEFINED (__FUSE_REGION_LENGTH__)?__FUSE_REGION_LENGTH__:0x400
                0x0000000000000400                __LOCK_REGION_LENGTH__ = DEFINED (__LOCK_REGION_LENGTH__)?__LOCK_REGION_LENGTH__:0x400
                0x0000000000000400                __SIGNATURE_REGION_LENGTH__ = DEFINED (__SIGNATURE_REGION_LENGTH__)?__SIGNATURE_REGION_LENGTH__:0x400
                0x0000000000000400                __USER_SIGNATURE_REGION_LENGTH__ = DEFINED (__USER_SIGNATURE_REGION_LENGTH__)?__USER_SIGNATURE_REGION_LENGTH__:0x400

.hash
 *(.hash)

.dynsym
 *(.dynsym)

.dynstr
 *(.dynstr)

.gnu.version
 *(.gnu.version)

.gnu.version_d
 *(.gnu.version_d)

.gnu.version_r
 *(.gnu.version_r)

.rel.init
 *(.rel.init)

.rela.init
 *(.rela.init)

.rel.text
 *(.rel.text)
 *(.rel.text.*)
 *(.rel.gnu.linkonce.t*)

.rela.text
 *(.rela.text)
 *(.rela.text.*)
 *(.rela.gnu.linkonce.t*)

.rel.fini
 *(.rel.fini)

.rela.fini
 *(.rela.fini)

.rel.rodata
 *(.rel.rodata)
 *(.rel.rodata.*)
 *(.rel.gnu.linkonce.r*)

.rela.rodata
 *(.rela.rodata)
 *(.rela.rodata.*)
 *(.rela.gnu.linkonce.r*)

.rel.data
 *(.rel.data)
 *(.rel.data.*)
 *(.rel.gnu.linkonce.d*)

.rela.data
 *(.rela.data)
 *(.rela.data.*)
 *(.rela.gnu.linkonce.d*)

.rel.ctors
 *(.rel.ctors)

.rela.ctors
 *(.rela.ctors)

.rel.dtors
 *(.rel.dtors)

.rela.dtors
 *(.rela.dtors)

.rel.got
 *(.rel.got)

.rela.got
 *(.rela.got)

.rel.bss
 *(.rel.bss)

.rela.bss
 *(.rela.bss)

.rel.plt
 *(.rel.plt)

.rela.plt
 *(.rela.plt)

.text           0x0000000000000000     0x1cf8
 *(.vectors)
 .vectors       0x0000000000000000       0x68 /usr/lib/gcc/avr/5.4.0/../../../avr/lib/avr5/crtatmega328p.o
                0x0000000000000000                __vectors
                0x0000000000000000                __vector_default
 *(.vectors)
 *(.progmem.gcc*)
                0x0000000000000068                . = ALIGN (0x2)
                0x0000000000000068                __trampolines_start = .
 *(.trampolines)
 .trampolines   0x0000000000000068        0x0 linker stubs
 *(.trampolines*)
                0x0000000000000068                __trampolines_end = .
 *libprintf_flt.a:*(.progmem.data)
 *libc.a:*(.progmem.data)
 *(.progmem*)
                0x0000000000000068                . = ALIGN (0x2)
 *(.jumptables)
 *(.jumptables*)
 *(.lowtext)
 *(.lowtext*)
                0x0000000000000068                __ctors_start = .
 *(.ctors)
                0x0000000000000068                __ctors_end = .
                0x0000000000000068                __dtors_start = .
 *(.dtors)
                0x0000000000000068                __dtors_end = .
 SORT(*)(.ctors)
 SORT(*)(.dtors)
 *(.init0)
 .init0         0x0000000000000068        0x0 /usr/lib/gcc/avr/5.4.0/../../../avr/lib/avr5/crtatmega328p.o
                0x0000000000000068                __init
 *(.init0)
 *(.init1)
 *(.init1)
 *(.init2)
 .init2         0x0000000000000068        0xc /usr/lib/gcc/avr/5.4.0/../../../avr/lib/avr5/crtatmega328p.o
 *(.init2)
 *(.init3)
 *(.init3)
 *(.init4)
 .init4         0x0000000000000074       0x16 /usr/lib/gcc/avr/5.4.0/avr5/libgcc.a(_copy_data.o)
                0x0000000000000074                __do_copy_data
 .init4         0x000000000000008a       0x10 /usr/lib/gcc/avr/5.4.0/avr5/libgcc.a(_clear_bss.o)
                0x000000000000008a                __do_clear_bss
 *(.init4)
 *(.init5)
 *(.init5)
 *(.init6)
 *(.init6)
 *(.init7)
 *(.init7)
 *(.init8)
 *(.init8)
 *(.init9)
 .init9         0x000000000000009a        0x8 /usr/lib/gcc/avr/5.4.0/../../../avr/lib/avr5/crtatmega328p.o
 *(.init9)
 *(.text)
 .text          0x00000000000000a2        0x4 /usr/lib/gcc/avr/5.4.0/../../../avr/lib/avr5/crtatmega328p.o
                0x00000000000000a2                __vector_1
                0x00000000000000a2                __vector_24
                0x00000000000000a2                __vector_12
                0x00000000000000a2                __bad_interrupt
                0x00000000000000a2                __vector_6
                0x00000000000000a2                __vector_3
                0x00000000000000a2                __vector_23
                0x00000000000000a2                __vector_25
                0x00000000000000a2                __vector_13
                0x00000000000000a2                __vector_17
                0x00000000000000a2                __vector_7
                0x00000000000000a2                __vector_5
                0x00000000000000a2                __vector_4
                0x00000000000000a2                __vector_9
                0x00000000000000a2                __vector_2
                0x00000000000000a2                __vector_21
                0x00000000000000a2                __vector_15
                0x00000000000000a2                __vector_8
                0x00000000000000a2                __vector_10
                0x00000000000000a2                __vector_16
                0x00000000000000a2                __vector_20
 .text          0x00000000000000a6      0x21e obj/Debug/config.o
                0x00000000000000a6                config_init
                0x00000000000000f8                config_update
                0x0000000000000142                config_set_modified
                0x0000000000000158                config_is_data_valid
                0x00000000000001c4                config_write_defaults
 .text          0x00000000000002c4      0x1dc obj/Debug/eeprom.o
                0x00000000000002c4                eeprom_writebuf
                0x0000000000000370                eeprom_readbuf
                0x000000000000040c                eeprom_isbusy
                0x000000000000042a                __vector_22
 .text          0x00000000000004a0      0x110 obj/Debug/main.o
                0x00000000000004a0                main
 .text          0x00000000000005b0      0x106 obj/Debug/util.o
                0x00000000000005b0                update_checksum
                0x0000000000000638                is_checksum_valid
 .text          0x00000000000006b6      0x2c2 obj/Debug/vpd.o
                0x00000000000006b6                vpd_init
                0x0000000000000704                vpd_is_data_valid
                0x0000000000000770                vpd_write_defaults
 .text          0x0000000000000978       0xd8 /home/augoodma/Desktop/Project 6/lib_proj2.a(led.o)
                0x0000000000000978                led_set_blink
                0x000000000000099c                led_update
 .text          0x0000000000000a50       0x18 /home/augoodma/Desktop/Project 6/lib_proj2.a(led_part.o)
                0x0000000000000a50                led_init
                0x0000000000000a56                led_on
                0x0000000000000a5a                led_off
                0x0000000000000a5e                led_is_on
 .text          0x0000000000000a68      0x3d8 /home/augoodma/Desktop/Project 6/lib_proj2.a(log.o)
                0x0000000000000a68                log_is_data_valid
                0x0000000000000ab4                log_init
                0x0000000000000c3e                log_update
                0x0000000000000caa                log_add_record
                0x0000000000000d4c                log_clear
                0x0000000000000d86                log_get_num_entries
                0x0000000000000db8                log_get_record
 .text          0x0000000000000e40      0x5e6 /home/augoodma/Desktop/Project 6/lib_proj2.a(rtc.o)
                0x0000000000000e40                rtc_init
                0x0000000000000e44                rtc_get_date
                0x0000000000000e6a                is_leapyear
                0x0000000000000e9e                rtc_set_by_datestr
                0x0000000000001168                get_month
                0x00000000000011f8                rtc_num2datestr
                0x00000000000013fe                rtc_get_date_string
 .text          0x0000000000001426       0xd8 /home/augoodma/Desktop/Project 6/lib_proj2.a(str.o)
                0x0000000000001426                str_cpy
                0x000000000000143a                str_writeudec16
 .text          0x00000000000014fe       0x98 /home/augoodma/Desktop/Project 6/lib_proj2.a(timer1.o)
                0x00000000000014fe                __vector_11
                0x0000000000001548                timer1_init
                0x0000000000001566                timer1_get
                0x000000000000157e                timer1_clear
 .text          0x0000000000001596      0x194 /home/augoodma/Desktop/Project 6/lib_proj2.a(uart.o)
                0x0000000000001596                uart_init
                0x000000000000159e                uart_writechar
                0x00000000000015a2                uart_writestr
                0x00000000000015ba                uart_writehex8
                0x00000000000015ec                uart_writehex16
                0x00000000000015fe                uart_writedec32
 .text          0x000000000000172a      0x194 /home/augoodma/Desktop/Project 6/lib_proj2.a(util_part.o)
                0x000000000000172a                dump_eeprom
 .text          0x00000000000018be      0x12c /home/augoodma/Desktop/Project 6/lib_proj2.a(delay.o)
                0x00000000000018be                __vector_14
                0x0000000000001932                delay_init
                0x0000000000001944                delay_get
                0x0000000000001964                delay_isdone
                0x0000000000001996                delay_set
 .text          0x00000000000019ea      0x1e4 /home/augoodma/Desktop/Project 6/lib_proj2.a(serial.o)
                0x00000000000019ea                serial_init
                0x0000000000001a10                __vector_18
                0x0000000000001a72                __vector_19
                0x0000000000001ad8                serial_rxchars
                0x0000000000001ae6                serial_popchar
                0x0000000000001b1a                serial_writechar
                0x0000000000001b7a                serial_writestr
                0x0000000000001ba4                serial_writestr_P
 .text          0x0000000000001bce        0x0 /usr/lib/gcc/avr/5.4.0/avr5/libgcc.a(_mulsi3.o)
 .text          0x0000000000001bce        0x0 /usr/lib/gcc/avr/5.4.0/avr5/libgcc.a(_udivmodhi4.o)
 .text          0x0000000000001bce        0x0 /usr/lib/gcc/avr/5.4.0/avr5/libgcc.a(_divmodhi4.o)
 .text          0x0000000000001bce        0x0 /usr/lib/gcc/avr/5.4.0/avr5/libgcc.a(_udivmodsi4.o)
 .text          0x0000000000001bce        0x0 /usr/lib/gcc/avr/5.4.0/avr5/libgcc.a(_divmodsi4.o)
 .text          0x0000000000001bce        0x0 /usr/lib/gcc/avr/5.4.0/avr5/libgcc.a(_negsi2.o)
 .text          0x0000000000001bce        0x0 /usr/lib/gcc/avr/5.4.0/avr5/libgcc.a(_exit.o)
 .text          0x0000000000001bce        0x0 /usr/lib/gcc/avr/5.4.0/avr5/libgcc.a(_copy_data.o)
 .text          0x0000000000001bce        0x0 /usr/lib/gcc/avr/5.4.0/avr5/libgcc.a(_clear_bss.o)
 .text          0x0000000000001bce        0x0 /usr/lib/gcc/avr/5.4.0/avr5/libgcc.a(_umulhisi3.o)
 .text          0x0000000000001bce        0x0 /usr/lib/gcc/avr/5.4.0/avr5/libgcc.a(_muluhisi3.o)
                0x0000000000001bce                . = ALIGN (0x2)
 *(.text.*)
 .text.libgcc.mul
                0x0000000000001bce       0x20 /usr/lib/gcc/avr/5.4.0/avr5/libgcc.a(_mulsi3.o)
                0x0000000000001bce                __mulsi3
 .text.libgcc.div
                0x0000000000001bee        0x0 /usr/lib/gcc/avr/5.4.0/avr5/libgcc.a(_mulsi3.o)
 .text.libgcc   0x0000000000001bee        0x0 /usr/lib/gcc/avr/5.4.0/avr5/libgcc.a(_mulsi3.o)
 .text.libgcc.prologue
                0x0000000000001bee        0x0 /usr/lib/gcc/avr/5.4.0/avr5/libgcc.a(_mulsi3.o)
 .text.libgcc.builtins
                0x0000000000001bee        0x0 /usr/lib/gcc/avr/5.4.0/avr5/libgcc.a(_mulsi3.o)
 .text.libgcc.fmul
                0x0000000000001bee        0x0 /usr/lib/gcc/avr/5.4.0/avr5/libgcc.a(_mulsi3.o)
 .text.libgcc.fixed
                0x0000000000001bee        0x0 /usr/lib/gcc/avr/5.4.0/avr5/libgcc.a(_mulsi3.o)
 .text.libgcc.mul
                0x0000000000001bee        0x0 /usr/lib/gcc/avr/5.4.0/avr5/libgcc.a(_udivmodhi4.o)
 .text.libgcc.div
                0x0000000000001bee       0x28 /usr/lib/gcc/avr/5.4.0/avr5/libgcc.a(_udivmodhi4.o)
                0x0000000000001bee                __udivmodhi4
 .text.libgcc   0x0000000000001c16        0x0 /usr/lib/gcc/avr/5.4.0/avr5/libgcc.a(_udivmodhi4.o)
 .text.libgcc.prologue
                0x0000000000001c16        0x0 /usr/lib/gcc/avr/5.4.0/avr5/libgcc.a(_udivmodhi4.o)
 .text.libgcc.builtins
                0x0000000000001c16        0x0 /usr/lib/gcc/avr/5.4.0/avr5/libgcc.a(_udivmodhi4.o)
 .text.libgcc.fmul
                0x0000000000001c16        0x0 /usr/lib/gcc/avr/5.4.0/avr5/libgcc.a(_udivmodhi4.o)
 .text.libgcc.fixed
                0x0000000000001c16        0x0 /usr/lib/gcc/avr/5.4.0/avr5/libgcc.a(_udivmodhi4.o)
 .text.libgcc.mul
                0x0000000000001c16        0x0 /usr/lib/gcc/avr/5.4.0/avr5/libgcc.a(_divmodhi4.o)
 .text.libgcc.div
                0x0000000000001c16       0x28 /usr/lib/gcc/avr/5.4.0/avr5/libgcc.a(_divmodhi4.o)
                0x0000000000001c16                __divmodhi4
                0x0000000000001c16                _div
 .text.libgcc   0x0000000000001c3e        0x0 /usr/lib/gcc/avr/5.4.0/avr5/libgcc.a(_divmodhi4.o)
 .text.libgcc.prologue
                0x0000000000001c3e        0x0 /usr/lib/gcc/avr/5.4.0/avr5/libgcc.a(_divmodhi4.o)
 .text.libgcc.builtins
                0x0000000000001c3e        0x0 /usr/lib/gcc/avr/5.4.0/avr5/libgcc.a(_divmodhi4.o)
 .text.libgcc.fmul
                0x0000000000001c3e        0x0 /usr/lib/gcc/avr/5.4.0/avr5/libgcc.a(_divmodhi4.o)
 .text.libgcc.fixed
                0x0000000000001c3e        0x0 /usr/lib/gcc/avr/5.4.0/avr5/libgcc.a(_divmodhi4.o)
 .text.libgcc.mul
                0x0000000000001c3e        0x0 /usr/lib/gcc/avr/5.4.0/avr5/libgcc.a(_udivmodsi4.o)
 .text.libgcc.div
                0x0000000000001c3e       0x44 /usr/lib/gcc/avr/5.4.0/avr5/libgcc.a(_udivmodsi4.o)
                0x0000000000001c3e                __udivmodsi4
 .text.libgcc   0x0000000000001c82        0x0 /usr/lib/gcc/avr/5.4.0/avr5/libgcc.a(_udivmodsi4.o)
 .text.libgcc.prologue
                0x0000000000001c82        0x0 /usr/lib/gcc/avr/5.4.0/avr5/libgcc.a(_udivmodsi4.o)
 .text.libgcc.builtins
                0x0000000000001c82        0x0 /usr/lib/gcc/avr/5.4.0/avr5/libgcc.a(_udivmodsi4.o)
 .text.libgcc.fmul
                0x0000000000001c82        0x0 /usr/lib/gcc/avr/5.4.0/avr5/libgcc.a(_udivmodsi4.o)
 .text.libgcc.fixed
                0x0000000000001c82        0x0 /usr/lib/gcc/avr/5.4.0/avr5/libgcc.a(_udivmodsi4.o)
 .text.libgcc.mul
                0x0000000000001c82        0x0 /usr/lib/gcc/avr/5.4.0/avr5/libgcc.a(_divmodsi4.o)
 .text.libgcc.div
                0x0000000000001c82       0x2e /usr/lib/gcc/avr/5.4.0/avr5/libgcc.a(_divmodsi4.o)
                0x0000000000001c82                __divmodsi4
 .text.libgcc   0x0000000000001cb0        0x0 /usr/lib/gcc/avr/5.4.0/avr5/libgcc.a(_divmodsi4.o)
 .text.libgcc.prologue
                0x0000000000001cb0        0x0 /usr/lib/gcc/avr/5.4.0/avr5/libgcc.a(_divmodsi4.o)
 .text.libgcc.builtins
                0x0000000000001cb0        0x0 /usr/lib/gcc/avr/5.4.0/avr5/libgcc.a(_divmodsi4.o)
 .text.libgcc.fmul
                0x0000000000001cb0        0x0 /usr/lib/gcc/avr/5.4.0/avr5/libgcc.a(_divmodsi4.o)
 .text.libgcc.fixed
                0x0000000000001cb0        0x0 /usr/lib/gcc/avr/5.4.0/avr5/libgcc.a(_divmodsi4.o)
 .text.libgcc.mul
                0x0000000000001cb0        0x0 /usr/lib/gcc/avr/5.4.0/avr5/libgcc.a(_negsi2.o)
 .text.libgcc.div
                0x0000000000001cb0       0x10 /usr/lib/gcc/avr/5.4.0/avr5/libgcc.a(_negsi2.o)
                0x0000000000001cb0                __negsi2
 .text.libgcc   0x0000000000001cc0        0x0 /usr/lib/gcc/avr/5.4.0/avr5/libgcc.a(_negsi2.o)
 .text.libgcc.prologue
                0x0000000000001cc0        0x0 /usr/lib/gcc/avr/5.4.0/avr5/libgcc.a(_negsi2.o)
 .text.libgcc.builtins
                0x0000000000001cc0        0x0 /usr/lib/gcc/avr/5.4.0/avr5/libgcc.a(_negsi2.o)
 .text.libgcc.fmul
                0x0000000000001cc0        0x0 /usr/lib/gcc/avr/5.4.0/avr5/libgcc.a(_negsi2.o)
 .text.libgcc.fixed
                0x0000000000001cc0        0x0 /usr/lib/gcc/avr/5.4.0/avr5/libgcc.a(_negsi2.o)
 .text.libgcc.mul
                0x0000000000001cc0        0x0 /usr/lib/gcc/avr/5.4.0/avr5/libgcc.a(_exit.o)
 .text.libgcc.div
                0x0000000000001cc0        0x0 /usr/lib/gcc/avr/5.4.0/avr5/libgcc.a(_exit.o)
 .text.libgcc   0x0000000000001cc0        0x0 /usr/lib/gcc/avr/5.4.0/avr5/libgcc.a(_exit.o)
 .text.libgcc.prologue
                0x0000000000001cc0        0x0 /usr/lib/gcc/avr/5.4.0/avr5/libgcc.a(_exit.o)
 .text.libgcc.builtins
                0x0000000000001cc0        0x0 /usr/lib/gcc/avr/5.4.0/avr5/libgcc.a(_exit.o)
 .text.libgcc.fmul
                0x0000000000001cc0        0x0 /usr/lib/gcc/avr/5.4.0/avr5/libgcc.a(_exit.o)
 .text.libgcc.fixed
                0x0000000000001cc0        0x0 /usr/lib/gcc/avr/5.4.0/avr5/libgcc.a(_exit.o)
 .text.libgcc.mul
                0x0000000000001cc0        0x0 /usr/lib/gcc/avr/5.4.0/avr5/libgcc.a(_copy_data.o)
 .text.libgcc.div
                0x0000000000001cc0        0x0 /usr/lib/gcc/avr/5.4.0/avr5/libgcc.a(_copy_data.o)
 .text.libgcc   0x0000000000001cc0        0x0 /usr/lib/gcc/avr/5.4.0/avr5/libgcc.a(_copy_data.o)
 .text.libgcc.prologue
                0x0000000000001cc0        0x0 /usr/lib/gcc/avr/5.4.0/avr5/libgcc.a(_copy_data.o)
 .text.libgcc.builtins
                0x0000000000001cc0        0x0 /usr/lib/gcc/avr/5.4.0/avr5/libgcc.a(_copy_data.o)
 .text.libgcc.fmul
                0x0000000000001cc0        0x0 /usr/lib/gcc/avr/5.4.0/avr5/libgcc.a(_copy_data.o)
 .text.libgcc.fixed
                0x0000000000001cc0        0x0 /usr/lib/gcc/avr/5.4.0/avr5/libgcc.a(_copy_data.o)
 .text.libgcc.mul
                0x0000000000001cc0        0x0 /usr/lib/gcc/avr/5.4.0/avr5/libgcc.a(_clear_bss.o)
 .text.libgcc.div
                0x0000000000001cc0        0x0 /usr/lib/gcc/avr/5.4.0/avr5/libgcc.a(_clear_bss.o)
 .text.libgcc   0x0000000000001cc0        0x0 /usr/lib/gcc/avr/5.4.0/avr5/libgcc.a(_clear_bss.o)
 .text.libgcc.prologue
                0x0000000000001cc0        0x0 /usr/lib/gcc/avr/5.4.0/avr5/libgcc.a(_clear_bss.o)
 .text.libgcc.builtins
                0x0000000000001cc0        0x0 /usr/lib/gcc/avr/5.4.0/avr5/libgcc.a(_clear_bss.o)
 .text.libgcc.fmul
                0x0000000000001cc0        0x0 /usr/lib/gcc/avr/5.4.0/avr5/libgcc.a(_clear_bss.o)
 .text.libgcc.fixed
                0x0000000000001cc0        0x0 /usr/lib/gcc/avr/5.4.0/avr5/libgcc.a(_clear_bss.o)
 .text.libgcc.mul
                0x0000000000001cc0       0x1e /usr/lib/gcc/avr/5.4.0/avr5/libgcc.a(_umulhisi3.o)
                0x0000000000001cc0                __umulhisi3
 .text.libgcc.div
                0x0000000000001cde        0x0 /usr/lib/gcc/avr/5.4.0/avr5/libgcc.a(_umulhisi3.o)
 .text.libgcc   0x0000000000001cde        0x0 /usr/lib/gcc/avr/5.4.0/avr5/libgcc.a(_umulhisi3.o)
 .text.libgcc.prologue
                0x0000000000001cde        0x0 /usr/lib/gcc/avr/5.4.0/avr5/libgcc.a(_umulhisi3.o)
 .text.libgcc.builtins
                0x0000000000001cde        0x0 /usr/lib/gcc/avr/5.4.0/avr5/libgcc.a(_umulhisi3.o)
 .text.libgcc.fmul
                0x0000000000001cde        0x0 /usr/lib/gcc/avr/5.4.0/avr5/libgcc.a(_umulhisi3.o)
 .text.libgcc.fixed
                0x0000000000001cde        0x0 /usr/lib/gcc/avr/5.4.0/avr5/libgcc.a(_umulhisi3.o)
 .text.libgcc.mul
                0x0000000000001cde       0x16 /usr/lib/gcc/avr/5.4.0/avr5/libgcc.a(_muluhisi3.o)
                0x0000000000001cde                __muluhisi3
 .text.libgcc.div
                0x0000000000001cf4        0x0 /usr/lib/gcc/avr/5.4.0/avr5/libgcc.a(_muluhisi3.o)
 .text.libgcc   0x0000000000001cf4        0x0 /usr/lib/gcc/avr/5.4.0/avr5/libgcc.a(_muluhisi3.o)
 .text.libgcc.prologue
                0x0000000000001cf4        0x0 /usr/lib/gcc/avr/5.4.0/avr5/libgcc.a(_muluhisi3.o)
 .text.libgcc.builtins
                0x0000000000001cf4        0x0 /usr/lib/gcc/avr/5.4.0/avr5/libgcc.a(_muluhisi3.o)
 .text.libgcc.fmul
                0x0000000000001cf4        0x0 /usr/lib/gcc/avr/5.4.0/avr5/libgcc.a(_muluhisi3.o)
 .text.libgcc.fixed
                0x0000000000001cf4        0x0 /usr/lib/gcc/avr/5.4.0/avr5/libgcc.a(_muluhisi3.o)
                0x0000000000001cf4                . = ALIGN (0x2)
 *(.fini9)
 .fini9         0x0000000000001cf4        0x0 /usr/lib/gcc/avr/5.4.0/avr5/libgcc.a(_exit.o)
                0x0000000000001cf4                exit
                0x0000000000001cf4                _exit
 *(.fini9)
 *(.fini8)
 *(.fini8)
 *(.fini7)
 *(.fini7)
 *(.fini6)
 *(.fini6)
 *(.fini5)
 *(.fini5)
 *(.fini4)
 *(.fini4)
 *(.fini3)
 *(.fini3)
 *(.fini2)
 *(.fini2)
 *(.fini1)
 *(.fini1)
 *(.fini0)
 .fini0         0x0000000000001cf4        0x4 /usr/lib/gcc/avr/5.4.0/avr5/libgcc.a(_exit.o)
 *(.fini0)
                0x0000000000001cf8                _etext = .

.siminfo        0x0000000000001cf8       0x28
 .siminfo       0x0000000000001cf8       0x28 /home/augoodma/Desktop/Project 6/lib_proj2.a(uart.o)
                0x0000000000001cf8                siminfo_serial_out
                0x0000000000001d03                siminfo_serial_in
                0x0000000000001d0e                siminfo_cpufrequency
                0x0000000000001d14                siminfo_device

.data           0x0000000000800100       0x8c load address 0x0000000000001d20
                0x0000000000800100                PROVIDE (__data_start, .)
 *(.data)
 .data          0x0000000000800100        0x0 /usr/lib/gcc/avr/5.4.0/../../../avr/lib/avr5/crtatmega328p.o
 .data          0x0000000000800100        0x4 obj/Debug/config.o
 .data          0x0000000000800104        0x0 obj/Debug/eeprom.o
 .data          0x0000000000800104        0x4 obj/Debug/main.o
 .data          0x0000000000800108        0x0 obj/Debug/util.o
 .data          0x0000000000800108        0x4 obj/Debug/vpd.o
 .data          0x000000000080010c        0x0 /home/augoodma/Desktop/Project 6/lib_proj2.a(led.o)
 .data          0x000000000080010c        0x0 /home/augoodma/Desktop/Project 6/lib_proj2.a(led_part.o)
 .data          0x000000000080010c        0x0 /home/augoodma/Desktop/Project 6/lib_proj2.a(log.o)
 .data          0x000000000080010c       0x14 /home/augoodma/Desktop/Project 6/lib_proj2.a(rtc.o)
 .data          0x0000000000800120        0x0 /home/augoodma/Desktop/Project 6/lib_proj2.a(str.o)
 .data          0x0000000000800120        0x0 /home/augoodma/Desktop/Project 6/lib_proj2.a(timer1.o)
 .data          0x0000000000800120        0x0 /home/augoodma/Desktop/Project 6/lib_proj2.a(uart.o)
 .data          0x0000000000800120        0x0 /home/augoodma/Desktop/Project 6/lib_proj2.a(util_part.o)
 .data          0x0000000000800120        0x0 /home/augoodma/Desktop/Project 6/lib_proj2.a(delay.o)
 .data          0x0000000000800120        0x0 /home/augoodma/Desktop/Project 6/lib_proj2.a(serial.o)
 .data          0x0000000000800120        0x0 /usr/lib/gcc/avr/5.4.0/avr5/libgcc.a(_mulsi3.o)
 .data          0x0000000000800120        0x0 /usr/lib/gcc/avr/5.4.0/avr5/libgcc.a(_udivmodhi4.o)
 .data          0x0000000000800120        0x0 /usr/lib/gcc/avr/5.4.0/avr5/libgcc.a(_divmodhi4.o)
 .data          0x0000000000800120        0x0 /usr/lib/gcc/avr/5.4.0/avr5/libgcc.a(_udivmodsi4.o)
 .data          0x0000000000800120        0x0 /usr/lib/gcc/avr/5.4.0/avr5/libgcc.a(_divmodsi4.o)
 .data          0x0000000000800120        0x0 /usr/lib/gcc/avr/5.4.0/avr5/libgcc.a(_negsi2.o)
 .data          0x0000000000800120        0x0 /usr/lib/gcc/avr/5.4.0/avr5/libgcc.a(_exit.o)
 .data          0x0000000000800120        0x0 /usr/lib/gcc/avr/5.4.0/avr5/libgcc.a(_copy_data.o)
 .data          0x0000000000800120        0x0 /usr/lib/gcc/avr/5.4.0/avr5/libgcc.a(_clear_bss.o)
 .data          0x0000000000800120        0x0 /usr/lib/gcc/avr/5.4.0/avr5/libgcc.a(_umulhisi3.o)
 .data          0x0000000000800120        0x0 /usr/lib/gcc/avr/5.4.0/avr5/libgcc.a(_muluhisi3.o)
 *(.data*)
 *(.rodata)
 .rodata        0x0000000000800120       0x44 obj/Debug/main.o
 .rodata        0x0000000000800164        0xc /home/augoodma/Desktop/Project 6/lib_proj2.a(rtc.o)
 *(.rodata*)
 .rodata.str1.1
                0x0000000000800170       0x14 /home/augoodma/Desktop/Project 6/lib_proj2.a(rtc.o)
 .rodata.str1.1
                0x0000000000800184        0x7 /home/augoodma/Desktop/Project 6/lib_proj2.a(util_part.o)
 *(.gnu.linkonce.d*)
                0x000000000080018c                . = ALIGN (0x2)
 *fill*         0x000000000080018b        0x1 
                0x000000000080018c                _edata = .
                0x000000000080018c                PROVIDE (__data_end, .)

.bss            0x000000000080018c      0x22d
                0x000000000080018c                PROVIDE (__bss_start, .)
 *(.bss)
 .bss           0x000000000080018c        0x0 /usr/lib/gcc/avr/5.4.0/../../../avr/lib/avr5/crtatmega328p.o
 .bss           0x000000000080018c       0x13 obj/Debug/config.o
 .bss           0x000000000080019f       0x45 obj/Debug/eeprom.o
 .bss           0x00000000008001e4       0x37 obj/Debug/main.o
 .bss           0x000000000080021b        0x0 obj/Debug/util.o
 .bss           0x000000000080021b       0x6e obj/Debug/vpd.o
 .bss           0x0000000000800289        0x5 /home/augoodma/Desktop/Project 6/lib_proj2.a(led.o)
 .bss           0x000000000080028e        0x0 /home/augoodma/Desktop/Project 6/lib_proj2.a(led_part.o)
 .bss           0x000000000080028e       0x83 /home/augoodma/Desktop/Project 6/lib_proj2.a(log.o)
 .bss           0x0000000000800311        0x0 /home/augoodma/Desktop/Project 6/lib_proj2.a(rtc.o)
 .bss           0x0000000000800311        0x0 /home/augoodma/Desktop/Project 6/lib_proj2.a(str.o)
 .bss           0x0000000000800311        0x4 /home/augoodma/Desktop/Project 6/lib_proj2.a(timer1.o)
 .bss           0x0000000000800315        0x0 /home/augoodma/Desktop/Project 6/lib_proj2.a(uart.o)
 .bss           0x0000000000800315        0x0 /home/augoodma/Desktop/Project 6/lib_proj2.a(util_part.o)
 .bss           0x0000000000800315        0xa /home/augoodma/Desktop/Project 6/lib_proj2.a(delay.o)
 .bss           0x000000000080031f        0x4 /home/augoodma/Desktop/Project 6/lib_proj2.a(serial.o)
                0x000000000080031f                txtail
                0x0000000000800320                txhead
                0x0000000000800321                rxtail
                0x0000000000800322                rxhead
 .bss           0x0000000000800323        0x0 /usr/lib/gcc/avr/5.4.0/avr5/libgcc.a(_mulsi3.o)
 .bss           0x0000000000800323        0x0 /usr/lib/gcc/avr/5.4.0/avr5/libgcc.a(_udivmodhi4.o)
 .bss           0x0000000000800323        0x0 /usr/lib/gcc/avr/5.4.0/avr5/libgcc.a(_divmodhi4.o)
 .bss           0x0000000000800323        0x0 /usr/lib/gcc/avr/5.4.0/avr5/libgcc.a(_udivmodsi4.o)
 .bss           0x0000000000800323        0x0 /usr/lib/gcc/avr/5.4.0/avr5/libgcc.a(_divmodsi4.o)
 .bss           0x0000000000800323        0x0 /usr/lib/gcc/avr/5.4.0/avr5/libgcc.a(_negsi2.o)
 .bss           0x0000000000800323        0x0 /usr/lib/gcc/avr/5.4.0/avr5/libgcc.a(_exit.o)
 .bss           0x0000000000800323        0x0 /usr/lib/gcc/avr/5.4.0/avr5/libgcc.a(_copy_data.o)
 .bss           0x0000000000800323        0x0 /usr/lib/gcc/avr/5.4.0/avr5/libgcc.a(_clear_bss.o)
 .bss           0x0000000000800323        0x0 /usr/lib/gcc/avr/5.4.0/avr5/libgcc.a(_umulhisi3.o)
 .bss           0x0000000000800323        0x0 /usr/lib/gcc/avr/5.4.0/avr5/libgcc.a(_muluhisi3.o)
 *(.bss*)
 *(COMMON)
 COMMON         0x0000000000800323       0x12 obj/Debug/config.o
                0x0000000000800323                p_config_struct
 COMMON         0x0000000000800335        0x4 /home/augoodma/Desktop/Project 6/lib_proj2.a(rtc.o)
                0x0000000000800335                rtc_base
 COMMON         0x0000000000800339       0x80 /home/augoodma/Desktop/Project 6/lib_proj2.a(serial.o)
                0x0000000000800339                rxbuf
                0x0000000000800379                txbuf
                0x00000000008003b9                PROVIDE (__bss_end, .)
                0x0000000000001d20                __data_load_start = LOADADDR (.data)
                0x0000000000001dac                __data_load_end = (__data_load_start + SIZEOF (.data))

.noinit         0x00000000008003b9        0x0
                [!provide]                        PROVIDE (__noinit_start, .)
 *(.noinit*)
                [!provide]                        PROVIDE (__noinit_end, .)
                0x00000000008003b9                _end = .
                [!provide]                        PROVIDE (__heap_start, .)

.eeprom         0x0000000000810000        0x0
 *(.eeprom*)
                0x0000000000810000                __eeprom_end = .

.fuse
 *(.fuse)
 *(.lfuse)
 *(.hfuse)
 *(.efuse)

.lock
 *(.lock*)

.signature
 *(.signature*)

.user_signatures
 *(.user_signatures*)

.stab           0x0000000000000000     0x1b3c
 *(.stab)
 .stab          0x0000000000000000      0x648 obj/Debug/config.o
 .stab          0x0000000000000648      0x5d0 obj/Debug/eeprom.o
                                        0x5dc (size before relaxing)
 .stab          0x0000000000000c18      0x4c8 obj/Debug/main.o
                                        0x4f8 (size before relaxing)
 .stab          0x00000000000010e0      0x42c obj/Debug/util.o
                                        0x438 (size before relaxing)
 .stab          0x000000000000150c      0x630 obj/Debug/vpd.o
                                        0x63c (size before relaxing)

.stabstr        0x0000000000000000      0xf4a
 *(.stabstr)
 .stabstr       0x0000000000000000      0xf4a obj/Debug/config.o

.stab.excl
 *(.stab.excl)

.stab.exclstr
 *(.stab.exclstr)

.stab.index
 *(.stab.index)

.stab.indexstr
 *(.stab.indexstr)

.comment        0x0000000000000000       0x11
 *(.comment)
 .comment       0x0000000000000000       0x11 obj/Debug/config.o
                                         0x12 (size before relaxing)
 .comment       0x0000000000000011       0x12 obj/Debug/eeprom.o
 .comment       0x0000000000000011       0x12 obj/Debug/main.o
 .comment       0x0000000000000011       0x12 obj/Debug/util.o
 .comment       0x0000000000000011       0x12 obj/Debug/vpd.o
 .comment       0x0000000000000011       0x12 /home/augoodma/Desktop/Project 6/lib_proj2.a(led.o)
 .comment       0x0000000000000011       0x12 /home/augoodma/Desktop/Project 6/lib_proj2.a(led_part.o)
 .comment       0x0000000000000011       0x12 /home/augoodma/Desktop/Project 6/lib_proj2.a(log.o)
 .comment       0x0000000000000011       0x12 /home/augoodma/Desktop/Project 6/lib_proj2.a(rtc.o)
 .comment       0x0000000000000011       0x12 /home/augoodma/Desktop/Project 6/lib_proj2.a(str.o)
 .comment       0x0000000000000011       0x12 /home/augoodma/Desktop/Project 6/lib_proj2.a(timer1.o)
 .comment       0x0000000000000011       0x12 /home/augoodma/Desktop/Project 6/lib_proj2.a(uart.o)
 .comment       0x0000000000000011       0x12 /home/augoodma/Desktop/Project 6/lib_proj2.a(util_part.o)
 .comment       0x0000000000000011       0x12 /home/augoodma/Desktop/Project 6/lib_proj2.a(delay.o)
 .comment       0x0000000000000011       0x12 /home/augoodma/Desktop/Project 6/lib_proj2.a(serial.o)

.note.gnu.avr.deviceinfo
                0x0000000000000000       0x40
 .note.gnu.avr.deviceinfo
                0x0000000000000000       0x40 /usr/lib/gcc/avr/5.4.0/../../../avr/lib/avr5/crtatmega328p.o

.note.gnu.build-id
 *(.note.gnu.build-id)

.debug
 *(.debug)

.line
 *(.line)

.debug_srcinfo
 *(.debug_srcinfo)

.debug_sfnames
 *(.debug_sfnames)

.debug_aranges
 *(.debug_aranges)

.debug_pubnames
 *(.debug_pubnames)

.debug_info     0x0000000000000000      0x5f4
 *(.debug_info .gnu.linkonce.wi.*)
 .debug_info    0x0000000000000000      0x5f4 /usr/lib/gcc/avr/5.4.0/../../../avr/lib/avr5/crtatmega328p.o

.debug_abbrev   0x0000000000000000      0x5a2
 *(.debug_abbrev)
 .debug_abbrev  0x0000000000000000      0x5a2 /usr/lib/gcc/avr/5.4.0/../../../avr/lib/avr5/crtatmega328p.o

.debug_line     0x0000000000000000       0x1a
 *(.debug_line .debug_line.* .debug_line_end)
 .debug_line    0x0000000000000000       0x1a /usr/lib/gcc/avr/5.4.0/../../../avr/lib/avr5/crtatmega328p.o

.debug_frame
 *(.debug_frame)

.debug_str      0x0000000000000000      0x208
 *(.debug_str)
 .debug_str     0x0000000000000000      0x208 /usr/lib/gcc/avr/5.4.0/../../../avr/lib/avr5/crtatmega328p.o

.debug_loc
 *(.debug_loc)

.debug_macinfo
 *(.debug_macinfo)

.debug_weaknames
 *(.debug_weaknames)

.debug_funcnames
 *(.debug_funcnames)

.debug_typenames
 *(.debug_typenames)

.debug_varnames
 *(.debug_varnames)

.debug_pubtypes
 *(.debug_pubtypes)

.debug_ranges
 *(.debug_ranges)

.debug_macro
 *(.debug_macro)
OUTPUT(bin/Debug/project2.elf elf32-avr)
LOAD linker stubs

Cross Reference Table

Symbol                                            File
__FUSE_REGION_LENGTH__                            /usr/lib/gcc/avr/5.4.0/../../../avr/lib/avr5/crtatmega328p.o
__bad_interrupt                                   /usr/lib/gcc/avr/5.4.0/../../../avr/lib/avr5/crtatmega328p.o
__bss_end                                         /usr/lib/gcc/avr/5.4.0/avr5/libgcc.a(_clear_bss.o)
__bss_start                                       /usr/lib/gcc/avr/5.4.0/avr5/libgcc.a(_clear_bss.o)
__data_end                                        /usr/lib/gcc/avr/5.4.0/avr5/libgcc.a(_copy_data.o)
__data_load_start                                 /usr/lib/gcc/avr/5.4.0/avr5/libgcc.a(_copy_data.o)
__data_start                                      /usr/lib/gcc/avr/5.4.0/avr5/libgcc.a(_copy_data.o)
__divmodhi4                                       /usr/lib/gcc/avr/5.4.0/avr5/libgcc.a(_divmodhi4.o)
                                                  /home/augoodma/Desktop/Project 6/lib_proj2.a(log.o)
__divmodsi4                                       /usr/lib/gcc/avr/5.4.0/avr5/libgcc.a(_divmodsi4.o)
                                                  /home/augoodma/Desktop/Project 6/lib_proj2.a(uart.o)
__do_clear_bss                                    /usr/lib/gcc/avr/5.4.0/avr5/libgcc.a(_clear_bss.o)
                                                  /home/augoodma/Desktop/Project 6/lib_proj2.a(serial.o)
                                                  /home/augoodma/Desktop/Project 6/lib_proj2.a(delay.o)
                                                  /home/augoodma/Desktop/Project 6/lib_proj2.a(timer1.o)
                                                  /home/augoodma/Desktop/Project 6/lib_proj2.a(rtc.o)
                                                  /home/augoodma/Desktop/Project 6/lib_proj2.a(log.o)
                                                  /home/augoodma/Desktop/Project 6/lib_proj2.a(led.o)
                                                  obj/Debug/vpd.o
                                                  obj/Debug/main.o
                                                  obj/Debug/eeprom.o
                                                  obj/Debug/config.o
__do_copy_data                                    /usr/lib/gcc/avr/5.4.0/avr5/libgcc.a(_copy_data.o)
                                                  /home/augoodma/Desktop/Project 6/lib_proj2.a(util_part.o)
                                                  /home/augoodma/Desktop/Project 6/lib_proj2.a(rtc.o)
                                                  obj/Debug/vpd.o
                                                  obj/Debug/main.o
                                                  obj/Debug/config.o
__heap_end                                        /usr/lib/gcc/avr/5.4.0/../../../avr/lib/avr5/crtatmega328p.o
__init                                            /usr/lib/gcc/avr/5.4.0/../../../avr/lib/avr5/crtatmega328p.o
__mulsi3                                          /usr/lib/gcc/avr/5.4.0/avr5/libgcc.a(_mulsi3.o)
                                                  /home/augoodma/Desktop/Project 6/lib_proj2.a(rtc.o)
__muluhisi3                                       /usr/lib/gcc/avr/5.4.0/avr5/libgcc.a(_muluhisi3.o)
                                                  /usr/lib/gcc/avr/5.4.0/avr5/libgcc.a(_mulsi3.o)
                                                  /home/augoodma/Desktop/Project 6/lib_proj2.a(uart.o)
                                                  /home/augoodma/Desktop/Project 6/lib_proj2.a(rtc.o)
__negsi2                                          /usr/lib/gcc/avr/5.4.0/avr5/libgcc.a(_negsi2.o)
                                                  /usr/lib/gcc/avr/5.4.0/avr5/libgcc.a(_divmodsi4.o)
__stack                                           /usr/lib/gcc/avr/5.4.0/../../../avr/lib/avr5/crtatmega328p.o
__udivmodhi4                                      /usr/lib/gcc/avr/5.4.0/avr5/libgcc.a(_udivmodhi4.o)
                                                  /usr/lib/gcc/avr/5.4.0/avr5/libgcc.a(_divmodhi4.o)
                                                  /home/augoodma/Desktop/Project 6/lib_proj2.a(str.o)
                                                  /home/augoodma/Desktop/Project 6/lib_proj2.a(rtc.o)
__udivmodsi4                                      /usr/lib/gcc/avr/5.4.0/avr5/libgcc.a(_udivmodsi4.o)
                                                  /usr/lib/gcc/avr/5.4.0/avr5/libgcc.a(_divmodsi4.o)
                                                  /home/augoodma/Desktop/Project 6/lib_proj2.a(rtc.o)
__umulhisi3                                       /usr/lib/gcc/avr/5.4.0/avr5/libgcc.a(_umulhisi3.o)
                                                  /usr/lib/gcc/avr/5.4.0/avr5/libgcc.a(_muluhisi3.o)
                                                  /home/augoodma/Desktop/Project 6/lib_proj2.a(rtc.o)
__vector_1                                        /usr/lib/gcc/avr/5.4.0/../../../avr/lib/avr5/crtatmega328p.o
__vector_10                                       /usr/lib/gcc/avr/5.4.0/../../../avr/lib/avr5/crtatmega328p.o
__vector_11                                       /home/augoodma/Desktop/Project 6/lib_proj2.a(timer1.o)
                                                  /usr/lib/gcc/avr/5.4.0/../../../avr/lib/avr5/crtatmega328p.o
__vector_12                                       /usr/lib/gcc/avr/5.4.0/../../../avr/lib/avr5/crtatmega328p.o
__vector_13                                       /usr/lib/gcc/avr/5.4.0/../../../avr/lib/avr5/crtatmega328p.o
__vector_14                                       /home/augoodma/Desktop/Project 6/lib_proj2.a(delay.o)
                                                  /usr/lib/gcc/avr/5.4.0/../../../avr/lib/avr5/crtatmega328p.o
__vector_15                                       /usr/lib/gcc/avr/5.4.0/../../../avr/lib/avr5/crtatmega328p.o
__vector_16                                       /usr/lib/gcc/avr/5.4.0/../../../avr/lib/avr5/crtatmega328p.o
__vector_17                                       /usr/lib/gcc/avr/5.4.0/../../../avr/lib/avr5/crtatmega328p.o
__vector_18                                       /home/augoodma/Desktop/Project 6/lib_proj2.a(serial.o)
                                                  /usr/lib/gcc/avr/5.4.0/../../../avr/lib/avr5/crtatmega328p.o
__vector_19                                       /home/augoodma/Desktop/Project 6/lib_proj2.a(serial.o)
                                                  /usr/lib/gcc/avr/5.4.0/../../../avr/lib/avr5/crtatmega328p.o
__vector_2                                        /usr/lib/gcc/avr/5.4.0/../../../avr/lib/avr5/crtatmega328p.o
__vector_20                                       /usr/lib/gcc/avr/5.4.0/../../../avr/lib/avr5/crtatmega328p.o
__vector_21                                       /usr/lib/gcc/avr/5.4.0/../../../avr/lib/avr5/crtatmega328p.o
__vector_22                                       obj/Debug/eeprom.o
                                                  /usr/lib/gcc/avr/5.4.0/../../../avr/lib/avr5/crtatmega328p.o
__vector_23                                       /usr/lib/gcc/avr/5.4.0/../../../avr/lib/avr5/crtatmega328p.o
__vector_24                                       /usr/lib/gcc/avr/5.4.0/../../../avr/lib/avr5/crtatmega328p.o
__vector_25                                       /usr/lib/gcc/avr/5.4.0/../../../avr/lib/avr5/crtatmega328p.o
__vector_3                                        /usr/lib/gcc/avr/5.4.0/../../../avr/lib/avr5/crtatmega328p.o
__vector_4                                        /usr/lib/gcc/avr/5.4.0/../../../avr/lib/avr5/crtatmega328p.o
__vector_5                                        /usr/lib/gcc/avr/5.4.0/../../../avr/lib/avr5/crtatmega328p.o
__vector_6                                        /usr/lib/gcc/avr/5.4.0/../../../avr/lib/avr5/crtatmega328p.o
__vector_7                                        /usr/lib/gcc/avr/5.4.0/../../../avr/lib/avr5/crtatmega328p.o
__vector_8                                        /usr/lib/gcc/avr/5.4.0/../../../avr/lib/avr5/crtatmega328p.o
__vector_9                                        /usr/lib/gcc/avr/5.4.0/../../../avr/lib/avr5/crtatmega328p.o
__vector_default                                  /usr/lib/gcc/avr/5.4.0/../../../avr/lib/avr5/crtatmega328p.o
__vectors                                         /usr/lib/gcc/avr/5.4.0/../../../avr/lib/avr5/crtatmega328p.o
_div                                              /usr/lib/gcc/avr/5.4.0/avr5/libgcc.a(_divmodhi4.o)
_exit                                             /usr/lib/gcc/avr/5.4.0/avr5/libgcc.a(_exit.o)
config_init                                       obj/Debug/config.o
                                                  obj/Debug/main.o
config_is_data_valid                              obj/Debug/config.o
config_set_modified                               obj/Debug/config.o
config_update                                     obj/Debug/config.o
                                                  obj/Debug/main.o
config_write_defaults                             obj/Debug/config.o
delay_get                                         /home/augoodma/Desktop/Project 6/lib_proj2.a(delay.o)
delay_init                                        /home/augoodma/Desktop/Project 6/lib_proj2.a(delay.o)
delay_isdone                                      /home/augoodma/Desktop/Project 6/lib_proj2.a(delay.o)
                                                  /home/augoodma/Desktop/Project 6/lib_proj2.a(led.o)
delay_set                                         /home/augoodma/Desktop/Project 6/lib_proj2.a(delay.o)
                                                  /home/augoodma/Desktop/Project 6/lib_proj2.a(led.o)
dump_eeprom                                       /home/augoodma/Desktop/Project 6/lib_proj2.a(util_part.o)
                                                  obj/Debug/main.o
eeprom_isbusy                                     obj/Debug/eeprom.o
                                                  /home/augoodma/Desktop/Project 6/lib_proj2.a(log.o)
                                                  obj/Debug/vpd.o
                                                  obj/Debug/main.o
                                                  obj/Debug/config.o
eeprom_readbuf                                    obj/Debug/eeprom.o
                                                  /home/augoodma/Desktop/Project 6/lib_proj2.a(util_part.o)
                                                  /home/augoodma/Desktop/Project 6/lib_proj2.a(log.o)
                                                  obj/Debug/vpd.o
                                                  obj/Debug/main.o
                                                  obj/Debug/config.o
eeprom_writebuf                                   obj/Debug/eeprom.o
                                                  /home/augoodma/Desktop/Project 6/lib_proj2.a(log.o)
                                                  obj/Debug/vpd.o
                                                  obj/Debug/main.o
                                                  obj/Debug/config.o
exit                                              /usr/lib/gcc/avr/5.4.0/avr5/libgcc.a(_exit.o)
                                                  /usr/lib/gcc/avr/5.4.0/../../../avr/lib/avr5/crtatmega328p.o
get_month                                         /home/augoodma/Desktop/Project 6/lib_proj2.a(rtc.o)
is_checksum_valid                                 obj/Debug/util.o
                                                  obj/Debug/vpd.o
                                                  obj/Debug/config.o
is_leapyear                                       /home/augoodma/Desktop/Project 6/lib_proj2.a(rtc.o)
led_init                                          /home/augoodma/Desktop/Project 6/lib_proj2.a(led_part.o)
                                                  obj/Debug/main.o
led_is_on                                         /home/augoodma/Desktop/Project 6/lib_proj2.a(led_part.o)
led_off                                           /home/augoodma/Desktop/Project 6/lib_proj2.a(led_part.o)
                                                  /home/augoodma/Desktop/Project 6/lib_proj2.a(led.o)
led_on                                            /home/augoodma/Desktop/Project 6/lib_proj2.a(led_part.o)
                                                  /home/augoodma/Desktop/Project 6/lib_proj2.a(led.o)
led_set_blink                                     /home/augoodma/Desktop/Project 6/lib_proj2.a(led.o)
                                                  obj/Debug/main.o
led_update                                        /home/augoodma/Desktop/Project 6/lib_proj2.a(led.o)
                                                  obj/Debug/main.o
log_add_record                                    /home/augoodma/Desktop/Project 6/lib_proj2.a(log.o)
                                                  obj/Debug/main.o
log_clear                                         /home/augoodma/Desktop/Project 6/lib_proj2.a(log.o)
                                                  obj/Debug/main.o
log_get_num_entries                               /home/augoodma/Desktop/Project 6/lib_proj2.a(log.o)
log_get_record                                    /home/augoodma/Desktop/Project 6/lib_proj2.a(log.o)
log_init                                          /home/augoodma/Desktop/Project 6/lib_proj2.a(log.o)
                                                  obj/Debug/main.o
log_is_data_valid                                 /home/augoodma/Desktop/Project 6/lib_proj2.a(log.o)
log_update                                        /home/augoodma/Desktop/Project 6/lib_proj2.a(log.o)
                                                  obj/Debug/main.o
main                                              obj/Debug/main.o
                                                  /usr/lib/gcc/avr/5.4.0/../../../avr/lib/avr5/crtatmega328p.o
p_config_struct                                   obj/Debug/main.o
                                                  obj/Debug/config.o
rtc_base                                          /home/augoodma/Desktop/Project 6/lib_proj2.a(rtc.o)
rtc_get_date                                      /home/augoodma/Desktop/Project 6/lib_proj2.a(rtc.o)
                                                  /home/augoodma/Desktop/Project 6/lib_proj2.a(log.o)
rtc_get_date_string                               /home/augoodma/Desktop/Project 6/lib_proj2.a(rtc.o)
rtc_init                                          /home/augoodma/Desktop/Project 6/lib_proj2.a(rtc.o)
                                                  obj/Debug/main.o
rtc_num2datestr                                   /home/augoodma/Desktop/Project 6/lib_proj2.a(rtc.o)
rtc_set_by_datestr                                /home/augoodma/Desktop/Project 6/lib_proj2.a(rtc.o)
                                                  obj/Debug/main.o
rxbuf                                             /home/augoodma/Desktop/Project 6/lib_proj2.a(serial.o)
rxhead                                            /home/augoodma/Desktop/Project 6/lib_proj2.a(serial.o)
rxtail                                            /home/augoodma/Desktop/Project 6/lib_proj2.a(serial.o)
serial_init                                       /home/augoodma/Desktop/Project 6/lib_proj2.a(serial.o)
                                                  /home/augoodma/Desktop/Project 6/lib_proj2.a(uart.o)
serial_popchar                                    /home/augoodma/Desktop/Project 6/lib_proj2.a(serial.o)
serial_rxchars                                    /home/augoodma/Desktop/Project 6/lib_proj2.a(serial.o)
serial_writechar                                  /home/augoodma/Desktop/Project 6/lib_proj2.a(serial.o)
                                                  /home/augoodma/Desktop/Project 6/lib_proj2.a(uart.o)
serial_writestr                                   /home/augoodma/Desktop/Project 6/lib_proj2.a(serial.o)
serial_writestr_P                                 /home/augoodma/Desktop/Project 6/lib_proj2.a(serial.o)
siminfo_cpufrequency                              /home/augoodma/Desktop/Project 6/lib_proj2.a(uart.o)
siminfo_device                                    /home/augoodma/Desktop/Project 6/lib_proj2.a(uart.o)
siminfo_serial_in                                 /home/augoodma/Desktop/Project 6/lib_proj2.a(uart.o)
siminfo_serial_out                                /home/augoodma/Desktop/Project 6/lib_proj2.a(uart.o)
str_cpy                                           /home/augoodma/Desktop/Project 6/lib_proj2.a(str.o)
                                                  /home/augoodma/Desktop/Project 6/lib_proj2.a(rtc.o)
str_writeudec16                                   /home/augoodma/Desktop/Project 6/lib_proj2.a(str.o)
                                                  /home/augoodma/Desktop/Project 6/lib_proj2.a(rtc.o)
timer1_clear                                      /home/augoodma/Desktop/Project 6/lib_proj2.a(timer1.o)
                                                  /home/augoodma/Desktop/Project 6/lib_proj2.a(rtc.o)
timer1_get                                        /home/augoodma/Desktop/Project 6/lib_proj2.a(timer1.o)
                                                  /home/augoodma/Desktop/Project 6/lib_proj2.a(rtc.o)
timer1_init                                       /home/augoodma/Desktop/Project 6/lib_proj2.a(timer1.o)
                                                  /home/augoodma/Desktop/Project 6/lib_proj2.a(rtc.o)
txbuf                                             /home/augoodma/Desktop/Project 6/lib_proj2.a(serial.o)
txhead                                            /home/augoodma/Desktop/Project 6/lib_proj2.a(serial.o)
txtail                                            /home/augoodma/Desktop/Project 6/lib_proj2.a(serial.o)
uart_init                                         /home/augoodma/Desktop/Project 6/lib_proj2.a(uart.o)
                                                  obj/Debug/main.o
uart_writechar                                    /home/augoodma/Desktop/Project 6/lib_proj2.a(uart.o)
                                                  /home/augoodma/Desktop/Project 6/lib_proj2.a(util_part.o)
uart_writedec32                                   /home/augoodma/Desktop/Project 6/lib_proj2.a(uart.o)
uart_writehex16                                   /home/augoodma/Desktop/Project 6/lib_proj2.a(uart.o)
uart_writehex8                                    /home/augoodma/Desktop/Project 6/lib_proj2.a(uart.o)
                                                  /home/augoodma/Desktop/Project 6/lib_proj2.a(util_part.o)
uart_writestr                                     /home/augoodma/Desktop/Project 6/lib_proj2.a(uart.o)
                                                  /home/augoodma/Desktop/Project 6/lib_proj2.a(util_part.o)
                                                  obj/Debug/main.o
update_checksum                                   obj/Debug/util.o
                                                  /home/augoodma/Desktop/Project 6/lib_proj2.a(log.o)
                                                  obj/Debug/vpd.o
                                                  obj/Debug/config.o
vpd_init                                          obj/Debug/vpd.o
                                                  obj/Debug/main.o
vpd_is_data_valid                                 obj/Debug/vpd.o
vpd_write_defaults                                obj/Debug/vpd.o
